Archive member included to satisfy reference by file (symbol)

/opt/microchip/xc32/v4.50/bin/bin/../../lib/gcc/pic32mx/8.3.1/libgcc.a(floatunsisf.o)
                              currentControl.o (__floatunsisf)
/opt/microchip/xc32/v4.50/bin/bin/../../lib/gcc/pic32mx/8.3.1/libgcc.a(floatunsidf.o)
                              currentControl.o (__floatunsidf)
/opt/microchip/xc32/v4.50/bin/bin/../../lib/gcc/pic32mx/8.3.1/../../../../pic32mx/lib/libpic32.a(default-bootstrap-exception-handler.o)
                              /tmp/ccgb74G2.o (_bootstrap_exception_handler)
/opt/microchip/xc32/v4.50/bin/bin/../../lib/gcc/pic32mx/8.3.1/../../../../pic32mx/lib/libpic32.a(default-on-reset.o)
                              /tmp/ccgb74G2.o (_on_reset)
/opt/microchip/xc32/v4.50/bin/bin/../../lib/gcc/pic32mx/8.3.1/../../../../pic32mx/lib/libpic32.a(default-on-bootstrap.o)
                              /tmp/ccgb74G2.o (_on_bootstrap)
/opt/microchip/xc32/v4.50/bin/bin/../../lib/gcc/pic32mx/8.3.1/../../../../pic32mx/lib/libpic32.a(default-nmi-handler.o)
                              /tmp/ccgb74G2.o (_nmi_handler)
/opt/microchip/xc32/v4.50/bin/bin/../../lib/gcc/pic32mx/8.3.1/../../../../pic32mx/lib/libpic32.a(pic32_data_init_core.o)
                              /tmp/ccgb74G2.o (__pic32_data_init)
/opt/microchip/xc32/v4.50/bin/bin/../../lib/gcc/pic32mx/8.3.1/../../../../pic32mx/lib/libpic32.a(general-exception.o)
                              /tmp/ccgb74G2.o (_general_exception_context)
/opt/microchip/xc32/v4.50/bin/bin/../../lib/gcc/pic32mx/8.3.1/../../../../pic32mx/lib/libpic32.a(vector0.o)
                              /tmp/ccyEsDTU.o (__vector_dispatch_0)
/opt/microchip/xc32/v4.50/bin/bin/../../lib/gcc/pic32mx/8.3.1/../../../../pic32mx/lib/libpic32.a(vector1.o)
                              /tmp/ccyEsDTU.o (__vector_dispatch_1)
/opt/microchip/xc32/v4.50/bin/bin/../../lib/gcc/pic32mx/8.3.1/../../../../pic32mx/lib/libpic32.a(vector2.o)
                              /tmp/ccyEsDTU.o (__vector_dispatch_2)
/opt/microchip/xc32/v4.50/bin/bin/../../lib/gcc/pic32mx/8.3.1/../../../../pic32mx/lib/libpic32.a(vector3.o)
                              /tmp/ccyEsDTU.o (__vector_dispatch_3)
/opt/microchip/xc32/v4.50/bin/bin/../../lib/gcc/pic32mx/8.3.1/../../../../pic32mx/lib/libpic32.a(vector4.o)
                              /tmp/ccyEsDTU.o (__vector_dispatch_4)
/opt/microchip/xc32/v4.50/bin/bin/../../lib/gcc/pic32mx/8.3.1/../../../../pic32mx/lib/libpic32.a(vector5.o)
                              /tmp/ccyEsDTU.o (__vector_dispatch_5)
/opt/microchip/xc32/v4.50/bin/bin/../../lib/gcc/pic32mx/8.3.1/../../../../pic32mx/lib/libpic32.a(vector6.o)
                              /tmp/ccyEsDTU.o (__vector_dispatch_6)
/opt/microchip/xc32/v4.50/bin/bin/../../lib/gcc/pic32mx/8.3.1/../../../../pic32mx/lib/libpic32.a(vector7.o)
                              /tmp/ccyEsDTU.o (__vector_dispatch_7)
/opt/microchip/xc32/v4.50/bin/bin/../../lib/gcc/pic32mx/8.3.1/../../../../pic32mx/lib/libpic32.a(vector9.o)
                              /tmp/ccyEsDTU.o (__vector_dispatch_9)
/opt/microchip/xc32/v4.50/bin/bin/../../lib/gcc/pic32mx/8.3.1/../../../../pic32mx/lib/libpic32.a(vector10.o)
                              /tmp/ccyEsDTU.o (__vector_dispatch_10)
/opt/microchip/xc32/v4.50/bin/bin/../../lib/gcc/pic32mx/8.3.1/../../../../pic32mx/lib/libpic32.a(vector11.o)
                              /tmp/ccyEsDTU.o (__vector_dispatch_11)
/opt/microchip/xc32/v4.50/bin/bin/../../lib/gcc/pic32mx/8.3.1/../../../../pic32mx/lib/libpic32.a(vector12.o)
                              /tmp/ccyEsDTU.o (__vector_dispatch_12)
/opt/microchip/xc32/v4.50/bin/bin/../../lib/gcc/pic32mx/8.3.1/../../../../pic32mx/lib/libpic32.a(vector13.o)
                              /tmp/ccyEsDTU.o (__vector_dispatch_13)
/opt/microchip/xc32/v4.50/bin/bin/../../lib/gcc/pic32mx/8.3.1/../../../../pic32mx/lib/libpic32.a(vector14.o)
                              /tmp/ccyEsDTU.o (__vector_dispatch_14)
/opt/microchip/xc32/v4.50/bin/bin/../../lib/gcc/pic32mx/8.3.1/../../../../pic32mx/lib/libpic32.a(vector15.o)
                              /tmp/ccyEsDTU.o (__vector_dispatch_15)
/opt/microchip/xc32/v4.50/bin/bin/../../lib/gcc/pic32mx/8.3.1/../../../../pic32mx/lib/libpic32.a(vector17.o)
                              /tmp/ccyEsDTU.o (__vector_dispatch_17)
/opt/microchip/xc32/v4.50/bin/bin/../../lib/gcc/pic32mx/8.3.1/../../../../pic32mx/lib/libpic32.a(vector18.o)
                              /tmp/ccyEsDTU.o (__vector_dispatch_18)
/opt/microchip/xc32/v4.50/bin/bin/../../lib/gcc/pic32mx/8.3.1/../../../../pic32mx/lib/libpic32.a(vector19.o)
                              /tmp/ccyEsDTU.o (__vector_dispatch_19)
/opt/microchip/xc32/v4.50/bin/bin/../../lib/gcc/pic32mx/8.3.1/../../../../pic32mx/lib/libpic32.a(vector20.o)
                              /tmp/ccyEsDTU.o (__vector_dispatch_20)
/opt/microchip/xc32/v4.50/bin/bin/../../lib/gcc/pic32mx/8.3.1/../../../../pic32mx/lib/libpic32.a(vector21.o)
[...]
Memory Configuration

Name             Origin             Length             Attributes
kseg0_program_mem 0x000000009d007490 0x0000000000038b70 xr
exception_mem    0x000000009d006000 0x0000000000001000
debug_exec_mem   0x000000009fc00490 0x0000000000000760
kseg0_boot_mem   0x000000009d006000 0x0000000000000000
kseg1_boot_mem   0x000000009d007000 0x0000000000000490
config3          0x00000000bfc00bf0 0x0000000000000004
config2          0x00000000bfc00bf4 0x0000000000000004
config1          0x00000000bfc00bf8 0x0000000000000004
config0          0x00000000bfc00bfc 0x0000000000000004
configsfrs       0x00000000bfc00bf0 0x0000000000000010
sfrs             0x00000000bf800000 0x0000000000100000
kseg1_data_mem   0x00000000a0000000 0x0000000000010000 w !x
*default*        0x0000000000000000 0xffffffffffffffff

Linker script and memory map

LOAD /opt/microchip/xc32/v4.50/bin/bin/../../lib/gcc/pic32mx/8.3.1/../../../../pic32mx/lib/debug-exception-return.o
LOAD currentControl.o
LOAD encoder.o
LOAD i2c_master_noint.o
LOAD ina219.o
LOAD isense.o
LOAD main.o
LOAD nu32dip.o
LOAD positionControl.o
LOAD utilities.o
                0x0000000000000400                PROVIDE (_min_stack_size = 0x400)
                0x0000000000000000                PROVIDE (_min_heap_size = 0x0)
LOAD /opt/microchip/xc32/v4.50/bin/bin/../../lib/gcc/pic32mx/8.3.1/../../../../pic32mx/lib/./proc/32MX170F256B/processor.o
                0x0000000000000001                PROVIDE (_vector_spacing = 0x1)
                0x000000009d006000                _ebase_address = 0x9d006000
                0x00000000bd007000                _RESET_ADDR = 0xbd007000
                0x00000000bfc07380                _BEV_EXCPT_ADDR = 0xbfc07380
                0x00000000bfc07480                _DBG_EXCPT_ADDR = 0xbfc07480
                0x000000009fc00490                _DBG_CODE_ADDR = 0x9fc00490
                0x0000000000000760                _DBG_CODE_SIZE = 0x760
                0x000000009d006180                _GEN_EXCPT_ADDR = (_ebase_address + 0x180)

.config_BFC00BF0
 *(.config_BFC00BF0)

.config_BFC00BF4
 *(.config_BFC00BF4)

.config_BFC00BF8
 *(.config_BFC00BF8)

.config_BFC00BFC
 *(.config_BFC00BFC)
                [!provide]                        PROVIDE (_DBG_CODE_ADDR = 0xbfc02000)
                [!provide]                        PROVIDE (_DBG_CODE_SIZE = 0xff0)

.reset          0x00000000bd007000      0x14c
 *(.reset)
 .reset         0x00000000bd007000        0x8 /tmp/ccgb74G2.o
                0x00000000bd007000                _reset
 *(.reset.startup)
 .reset.startup
                0x00000000bd007008      0x144 /tmp/ccgb74G2.o
                0x00000000bd007008                _startup

.bev_excpt      0x00000000bfc07380       0x10
 *(.bev_handler)
 .bev_handler   0x00000000bfc07380       0x10 /tmp/ccgb74G2.o

.dbg_excpt      0x00000000bfc07480        0x0
                0x00000000bfc07480                . = (. + DEFINED (_DEBUGGER)?0x8:0x0)

.dbg_code       0x000000009fc00490        0x0
                0x000000009fc00490                . = (. + DEFINED (_DEBUGGER)?_DBG_CODE_SIZE:0x0)

.app_excpt      0x000000009d006180       0x10
 *(.gen_handler)
 .gen_handler   0x000000009d006180       0x10 /tmp/ccgb74G2.o

.vector_0       0x000000009d006200        0x8
 *(.vector_0)
 .vector_0      0x000000009d006200        0x8 /opt/microchip/xc32/v4.50/bin/bin/../../lib/gcc/pic32mx/8.3.1/../../../../pic32mx/lib/libpic32.a(vector0.o)
                0x000000009d006200                __vector_dispatch_0
                0x0000000000000001                ASSERT (((_vector_spacing == 0x0) || (SIZEOF (.vector_0) <= (_vector_spacing << 0x5))), function at exception vector 0 too large)

.vector_1       0x000000009d006220        0x8
 *(.vector_1)
 .vector_1      0x000000009d006220        0x8 /opt/microchip/xc32/v4.50/bin/bin/../../lib/gcc/pic32mx/8.3.1/../../../../pic32mx/lib/libpic32.a(vector1.o)
                0x000000009d006220                __vector_dispatch_1
                0x0000000000000001                ASSERT (((_vector_spacing == 0x0) || (SIZEOF (.vector_1) <= (_vector_spacing << 0x5))), function at exception vector 1 too large)

.vector_2       0x000000009d006240        0x8
 *(.vector_2)
 .vector_2      0x000000009d006240        0x8 /opt/microchip/xc32/v4.50/bin/bin/../../lib/gcc/pic32mx/8.3.1/../../../../pic32mx/lib/libpic32.a(vector2.o)
                0x000000009d006240                __vector_dispatch_2
                0x0000000000000001                ASSERT (((_vector_spacing == 0x0) || (SIZEOF (.vector_2) <= (_vector_spacing << 0x5))), function at exception vector 2 too large)

.vector_3       0x000000009d006260        0x8
 *(.vector_3)
 .vector_3      0x000000009d006260        0x8 /opt/microchip/xc32/v4.50/bin/bin/../../lib/gcc/pic32mx/8.3.1/../../../../pic32mx/lib/libpic32.a(vector3.o)
                0x000000009d006260                __vector_dispatch_3
                0x0000000000000001                ASSERT (((_vector_spacing == 0x0) || (SIZEOF (.vector_3) <= (_vector_spacing << 0x5))), function at exception vector 3 too large)

.vector_4       0x000000009d006280        0x8
 *(.vector_4)
 .vector_4      0x000000009d006280        0x8 /opt/microchip/xc32/v4.50/bin/bin/../../lib/gcc/pic32mx/8.3.1/../../../../pic32mx/lib/libpic32.a(vector4.o)
                0x000000009d006280                __vector_dispatch_4
                0x0000000000000001                ASSERT (((_vector_spacing == 0x0) || (SIZEOF (.vector_4) <= (_vector_spacing << 0x5))), function at exception vector 4 too large)

.vector_5       0x000000009d0062a0        0x8
 *(.vector_5)
 .vector_5      0x000000009d0062a0        0x8 /opt/microchip/xc32/v4.50/bin/bin/../../lib/gcc/pic32mx/8.3.1/../../../../pic32mx/lib/libpic32.a(vector5.o)
                0x000000009d0062a0                __vector_dispatch_5
                0x0000000000000001                ASSERT (((_vector_spacing == 0x0) || (SIZEOF (.vector_5) <= (_vector_spacing << 0x5))), function at exception vector 5 too large)

.vector_6       0x000000009d0062c0        0x8
 *(.vector_6)
 .vector_6      0x000000009d0062c0        0x8 /opt/microchip/xc32/v4.50/bin/bin/../../lib/gcc/pic32mx/8.3.1/../../../../pic32mx/lib/libpic32.a(vector6.o)
                0x000000009d0062c0                __vector_dispatch_6
                0x0000000000000001                ASSERT (((_vector_spacing == 0x0) || (SIZEOF (.vector_6) <= (_vector_spacing << 0x5))), function at exception vector 6 too large)

.vector_7       0x000000009d0062e0        0x8
 *(.vector_7)
 .vector_7      0x000000009d0062e0        0x8 /opt/microchip/xc32/v4.50/bin/bin/../../lib/gcc/pic32mx/8.3.1/../../../../pic32mx/lib/libpic32.a(vector7.o)
                0x000000009d0062e0                __vector_dispatch_7
                0x0000000000000001                ASSERT (((_vector_spacing == 0x0) || (SIZEOF (.vector_7) <= (_vector_spacing << 0x5))), function at exception vector 7 too large)

.vector_8       0x000000009d006300        0x8
 *(.vector_8)
 .vector_8      0x000000009d006300        0x8 currentControl.o
                0x000000009d006300                __vector_dispatch_8
                0x0000000000000001                ASSERT (((_vector_spacing == 0x0) || (SIZEOF (.vector_8) <= (_vector_spacing << 0x5))), function at exception vector 8 too large)

.vector_9       0x000000009d006320        0x8
 *(.vector_9)
 .vector_9      0x000000009d006320        0x8 /opt/microchip/xc32/v4.50/bin/bin/../../lib/gcc/pic32mx/8.3.1/../../../../pic32mx/lib/libpic32.a(vector9.o)
                0x000000009d006320                __vector_dispatch_9
                0x0000000000000001                ASSERT (((_vector_spacing == 0x0) || (SIZEOF (.vector_9) <= (_vector_spacing << 0x5))), function at exception vector 9 too large)

.vector_10      0x000000009d006340        0x8
 *(.vector_10)
 .vector_10     0x000000009d006340        0x8 /opt/microchip/xc32/v4.50/bin/bin/../../lib/gcc/pic32mx/8.3.1/../../../../pic32mx/lib/libpic32.a(vector10.o)
                0x000000009d006340                __vector_dispatch_10
                0x0000000000000001                ASSERT (((_vector_spacing == 0x0) || (SIZEOF (.vector_10) <= (_vector_spacing << 0x5))), function at exception vector 10 too large)

.vector_11      0x000000009d006360        0x8
 *(.vector_11)
 .vector_11     0x000000009d006360        0x8 /opt/microchip/xc32/v4.50/bin/bin/../../lib/gcc/pic32mx/8.3.1/../../../../pic32mx/lib/libpic32.a(vector11.o)
                0x000000009d006360                __vector_dispatch_11
                0x0000000000000001                ASSERT (((_vector_spacing == 0x0) || (SIZEOF (.vector_11) <= (_vector_spacing << 0x5))), function at exception vector 11 too large)

.vector_12      0x000000009d006380        0x8
 *(.vector_12)
 .vector_12     0x000000009d006380        0x8 /opt/microchip/xc32/v4.50/bin/bin/../../lib/gcc/pic32mx/8.3.1/../../../../pic32mx/lib/libpic32.a(vector12.o)
                0x000000009d006380                __vector_dispatch_12
                0x0000000000000001                ASSERT (((_vector_spacing == 0x0) || (SIZEOF (.vector_12) <= (_vector_spacing << 0x5))), function at exception vector 12 too large)

.vector_13      0x000000009d0063a0        0x8
 *(.vector_13)
 .vector_13     0x000000009d0063a0        0x8 /opt/microchip/xc32/v4.50/bin/bin/../../lib/gcc/pic32mx/8.3.1/../../../../pic32mx/lib/libpic32.a(vector13.o)
                0x000000009d0063a0                __vector_dispatch_13
                0x0000000000000001                ASSERT (((_vector_spacing == 0x0) || (SIZEOF (.vector_13) <= (_vector_spacing << 0x5))), function at exception vector 13 too large)

.vector_14      0x000000009d0063c0        0x8
 *(.vector_14)
 .vector_14     0x000000009d0063c0        0x8 /opt/microchip/xc32/v4.50/bin/bin/../../lib/gcc/pic32mx/8.3.1/../../../../pic32mx/lib/libpic32.a(vector14.o)
                0x000000009d0063c0                __vector_dispatch_14
                0x0000000000000001                ASSERT (((_vector_spacing == 0x0) || (SIZEOF (.vector_14) <= (_vector_spacing << 0x5))), function at exception vector 14 too large)

.vector_15      0x000000009d0063e0        0x8
 *(.vector_15)
 .vector_15     0x000000009d0063e0        0x8 /opt/microchip/xc32/v4.50/bin/bin/../../lib/gcc/pic32mx/8.3.1/../../../../pic32mx/lib/libpic32.a(vector15.o)
                0x000000009d0063e0                __vector_dispatch_15
                0x0000000000000001                ASSERT (((_vector_spacing == 0x0) || (SIZEOF (.vector_15) <= (_vector_spacing << 0x5))), function at exception vector 15 too large)

.vector_16      0x000000009d006400        0x8
 *(.vector_16)
 .vector_16     0x000000009d006400        0x8 positionControl.o
                0x000000009d006400                __vector_dispatch_16
                0x0000000000000001                ASSERT (((_vector_spacing == 0x0) || (SIZEOF (.vector_16) <= (_vector_spacing << 0x5))), function at exception vector 16 too large)

.vector_17      0x000000009d006420        0x8
 *(.vector_17)
 .vector_17     0x000000009d006420        0x8 /opt/microchip/xc32/v4.50/bin/bin/../../lib/gcc/pic32mx/8.3.1/../../../../pic32mx/lib/libpic32.a(vector17.o)
                0x000000009d006420                __vector_dispatch_17
                0x0000000000000001                ASSERT (((_vector_spacing == 0x0) || (SIZEOF (.vector_17) <= (_vector_spacing << 0x5))), function at exception vector 17 too large)

.vector_18      0x000000009d006440        0x8
 *(.vector_18)
 .vector_18     0x000000009d006440        0x8 /opt/microchip/xc32/v4.50/bin/bin/../../lib/gcc/pic32mx/8.3.1/../../../../pic32mx/lib/libpic32.a(vector18.o)
                0x000000009d006440                __vector_dispatch_18
                0x0000000000000001                ASSERT (((_vector_spacing == 0x0) || (SIZEOF (.vector_18) <= (_vector_spacing << 0x5))), function at exception vector 18 too large)

.vector_19      0x000000009d006460        0x8
 *(.vector_19)
 .vector_19     0x000000009d006460        0x8 /opt/microchip/xc32/v4.50/bin/bin/../../lib/gcc/pic32mx/8.3.1/../../../../pic32mx/lib/libpic32.a(vector19.o)
                0x000000009d006460                __vector_dispatch_19
                0x0000000000000001                ASSERT (((_vector_spacing == 0x0) || (SIZEOF (.vector_19) <= (_vector_spacing << 0x5))), function at exception vector 19 too large)

.vector_20      0x000000009d006480        0x8
 *(.vector_20)
 .vector_20     0x000000009d006480        0x8 /opt/microchip/xc32/v4.50/bin/bin/../../lib/gcc/pic32mx/8.3.1/../../../../pic32mx/lib/libpic32.a(vector20.o)
                0x000000009d006480                __vector_dispatch_20
                0x0000000000000001                ASSERT (((_vector_spacing == 0x0) || (SIZEOF (.vector_20) <= (_vector_spacing << 0x5))), function at exception vector 20 too large)

.vector_21      0x000000009d0064a0        0x8
 *(.vector_21)
 .vector_21     0x000000009d0064a0        0x8 /opt/microchip/xc32/v4.50/bin/bin/../../lib/gcc/pic32mx/8.3.1/../../../../pic32mx/lib/libpic32.a(vector21.o)
                0x000000009d0064a0                __vector_dispatch_21
                0x0000000000000001                ASSERT (((_vector_spacing == 0x0) || (SIZEOF (.vector_21) <= (_vector_spacing << 0x5))), function at exception vector 21 too large)

.vector_22      0x000000009d0064c0        0x8
 *(.vector_22)
 .vector_22     0x000000009d0064c0        0x8 /opt/microchip/xc32/v4.50/bin/bin/../../lib/gcc/pic32mx/8.3.1/../../../../pic32mx/lib/libpic32.a(vector22.o)
                0x000000009d0064c0                __vector_dispatch_22
                0x0000000000000001                ASSERT (((_vector_spacing == 0x0) || (SIZEOF (.vector_22) <= (_vector_spacing << 0x5))), function at exception vector 22 too large)

.vector_23      0x000000009d0064e0        0x8
 *(.vector_23)
 .vector_23     0x000000009d0064e0        0x8 /opt/microchip/xc32/v4.50/bin/bin/../../lib/gcc/pic32mx/8.3.1/../../../../pic32mx/lib/libpic32.a(vector23.o)
                0x000000009d0064e0                __vector_dispatch_23
                0x0000000000000001                ASSERT (((_vector_spacing == 0x0) || (SIZEOF (.vector_23) <= (_vector_spacing << 0x5))), function at exception vector 23 too large)

.vector_24      0x000000009d006500        0x8
 *(.vector_24)
 .vector_24     0x000000009d006500        0x8 /opt/microchip/xc32/v4.50/bin/bin/../../lib/gcc/pic32mx/8.3.1/../../../../pic32mx/lib/libpic32.a(vector24.o)
                0x000000009d006500                __vector_dispatch_24
                0x0000000000000001                ASSERT (((_vector_spacing == 0x0) || (SIZEOF (.vector_24) <= (_vector_spacing << 0x5))), function at exception vector 24 too large)

.vector_25      0x000000009d006520        0x8
 *(.vector_25)
 .vector_25     0x000000009d006520        0x8 /opt/microchip/xc32/v4.50/bin/bin/../../lib/gcc/pic32mx/8.3.1/../../../../pic32mx/lib/libpic32.a(vector25.o)
                0x000000009d006520                __vector_dispatch_25
                0x0000000000000001                ASSERT (((_vector_spacing == 0x0) || (SIZEOF (.vector_25) <= (_vector_spacing << 0x5))), function at exception vector 25 too large)

.vector_26      0x000000009d006540        0x8
 *(.vector_26)
 .vector_26     0x000000009d006540        0x8 /opt/microchip/xc32/v4.50/bin/bin/../../lib/gcc/pic32mx/8.3.1/../../../../pic32mx/lib/libpic32.a(vector26.o)
                0x000000009d006540                __vector_dispatch_26
                0x0000000000000001                ASSERT (((_vector_spacing == 0x0) || (SIZEOF (.vector_26) <= (_vector_spacing << 0x5))), function at exception vector 26 too large)

.vector_27      0x000000009d006560        0x8
 *(.vector_27)
 .vector_27     0x000000009d006560        0x8 /opt/microchip/xc32/v4.50/bin/bin/../../lib/gcc/pic32mx/8.3.1/../../../../pic32mx/lib/libpic32.a(vector27.o)
                0x000000009d006560                __vector_dispatch_27
                0x0000000000000001                ASSERT (((_vector_spacing == 0x0) || (SIZEOF (.vector_27) <= (_vector_spacing << 0x5))), function at exception vector 27 too large)

.vector_28      0x000000009d006580        0x8
 *(.vector_28)
 .vector_28     0x000000009d006580        0x8 /opt/microchip/xc32/v4.50/bin/bin/../../lib/gcc/pic32mx/8.3.1/../../../../pic32mx/lib/libpic32.a(vector28.o)
                0x000000009d006580                __vector_dispatch_28
                0x0000000000000001                ASSERT (((_vector_spacing == 0x0) || (SIZEOF (.vector_28) <= (_vector_spacing << 0x5))), function at exception vector 28 too large)

.vector_29      0x000000009d0065a0        0x8
 *(.vector_29)
 .vector_29     0x000000009d0065a0        0x8 /opt/microchip/xc32/v4.50/bin/bin/../../lib/gcc/pic32mx/8.3.1/../../../../pic32mx/lib/libpic32.a(vector29.o)
                0x000000009d0065a0                __vector_dispatch_29
                0x0000000000000001                ASSERT (((_vector_spacing == 0x0) || (SIZEOF (.vector_29) <= (_vector_spacing << 0x5))), function at exception vector 29 too large)

.vector_30      0x000000009d0065c0        0x8
 *(.vector_30)
 .vector_30     0x000000009d0065c0        0x8 /opt/microchip/xc32/v4.50/bin/bin/../../lib/gcc/pic32mx/8.3.1/../../../../pic32mx/lib/libpic32.a(vector30.o)
                0x000000009d0065c0                __vector_dispatch_30
                0x0000000000000001                ASSERT (((_vector_spacing == 0x0) || (SIZEOF (.vector_30) <= (_vector_spacing << 0x5))), function at exception vector 30 too large)

.vector_31      0x000000009d0065e0        0x8
 *(.vector_31)
 .vector_31     0x000000009d0065e0        0x8 /opt/microchip/xc32/v4.50/bin/bin/../../lib/gcc/pic32mx/8.3.1/../../../../pic32mx/lib/libpic32.a(vector31.o)
                0x000000009d0065e0                __vector_dispatch_31
                0x0000000000000001                ASSERT (((_vector_spacing == 0x0) || (SIZEOF (.vector_31) <= (_vector_spacing << 0x5))), function at exception vector 31 too large)

.vector_32      0x000000009d006600        0x8
 *(.vector_32)
 .vector_32     0x000000009d006600        0x8 /opt/microchip/xc32/v4.50/bin/bin/../../lib/gcc/pic32mx/8.3.1/../../../../pic32mx/lib/libpic32.a(vector32.o)
                0x000000009d006600                __vector_dispatch_32
                0x0000000000000001                ASSERT (((_vector_spacing == 0x0) || (SIZEOF (.vector_32) <= (_vector_spacing << 0x5))), function at exception vector 32 too large)

.vector_33      0x000000009d006620        0x8
 *(.vector_33)
 .vector_33     0x000000009d006620        0x8 /opt/microchip/xc32/v4.50/bin/bin/../../lib/gcc/pic32mx/8.3.1/../../../../pic32mx/lib/libpic32.a(vector33.o)
                0x000000009d006620                __vector_dispatch_33
                0x0000000000000001                ASSERT (((_vector_spacing == 0x0) || (SIZEOF (.vector_33) <= (_vector_spacing << 0x5))), function at exception vector 33 too large)

.vector_34      0x000000009d006640        0x8
 *(.vector_34)
 .vector_34     0x000000009d006640        0x8 /opt/microchip/xc32/v4.50/bin/bin/../../lib/gcc/pic32mx/8.3.1/../../../../pic32mx/lib/libpic32.a(vector34.o)
                0x000000009d006640                __vector_dispatch_34
                0x0000000000000001                ASSERT (((_vector_spacing == 0x0) || (SIZEOF (.vector_34) <= (_vector_spacing << 0x5))), function at exception vector 34 too large)

.vector_35      0x000000009d006660        0x8
 *(.vector_35)
 .vector_35     0x000000009d006660        0x8 /opt/microchip/xc32/v4.50/bin/bin/../../lib/gcc/pic32mx/8.3.1/../../../../pic32mx/lib/libpic32.a(vector35.o)
                0x000000009d006660                __vector_dispatch_35
                0x0000000000000001                ASSERT (((_vector_spacing == 0x0) || (SIZEOF (.vector_35) <= (_vector_spacing << 0x5))), function at exception vector 35 too large)

.vector_36      0x000000009d006680        0x8
 *(.vector_36)
 .vector_36     0x000000009d006680        0x8 /opt/microchip/xc32/v4.50/bin/bin/../../lib/gcc/pic32mx/8.3.1/../../../../pic32mx/lib/libpic32.a(vector36.o)
                0x000000009d006680                __vector_dispatch_36
                0x0000000000000001                ASSERT (((_vector_spacing == 0x0) || (SIZEOF (.vector_36) <= (_vector_spacing << 0x5))), function at exception vector 36 too large)

.vector_37      0x000000009d0066a0        0x8
 *(.vector_37)
 .vector_37     0x000000009d0066a0        0x8 encoder.o
                0x000000009d0066a0                __vector_dispatch_37
                0x0000000000000001                ASSERT (((_vector_spacing == 0x0) || (SIZEOF (.vector_37) <= (_vector_spacing << 0x5))), function at exception vector 37 too large)

.vector_38      0x000000009d0066c0        0x8
 *(.vector_38)
 .vector_38     0x000000009d0066c0        0x8 /opt/microchip/xc32/v4.50/bin/bin/../../lib/gcc/pic32mx/8.3.1/../../../../pic32mx/lib/libpic32.a(vector38.o)
                0x000000009d0066c0                __vector_dispatch_38
                0x0000000000000001                ASSERT (((_vector_spacing == 0x0) || (SIZEOF (.vector_38) <= (_vector_spacing << 0x5))), function at exception vector 38 too large)

.vector_39      0x000000009d0066e0        0x8
 *(.vector_39)
 .vector_39     0x000000009d0066e0        0x8 /opt/microchip/xc32/v4.50/bin/bin/../../lib/gcc/pic32mx/8.3.1/../../../../pic32mx/lib/libpic32.a(vector39.o)
                0x000000009d0066e0                __vector_dispatch_39
                0x0000000000000001                ASSERT (((_vector_spacing == 0x0) || (SIZEOF (.vector_39) <= (_vector_spacing << 0x5))), function at exception vector 39 too large)

.vector_40      0x000000009d006700        0x8
 *(.vector_40)
 .vector_40     0x000000009d006700        0x8 /opt/microchip/xc32/v4.50/bin/bin/../../lib/gcc/pic32mx/8.3.1/../../../../pic32mx/lib/libpic32.a(vector40.o)
                0x000000009d006700                __vector_dispatch_40
                0x0000000000000001                ASSERT (((_vector_spacing == 0x0) || (SIZEOF (.vector_40) <= (_vector_spacing << 0x5))), function at exception vector 40 too large)

.vector_41      0x000000009d006720        0x8
 *(.vector_41)
 .vector_41     0x000000009d006720        0x8 /opt/microchip/xc32/v4.50/bin/bin/../../lib/gcc/pic32mx/8.3.1/../../../../pic32mx/lib/libpic32.a(vector41.o)
                0x000000009d006720                __vector_dispatch_41
                0x0000000000000001                ASSERT (((_vector_spacing == 0x0) || (SIZEOF (.vector_41) <= (_vector_spacing << 0x5))), function at exception vector 41 too large)

.vector_42      0x000000009d006740        0x8
 *(.vector_42)
 .vector_42     0x000000009d006740        0x8 /opt/microchip/xc32/v4.50/bin/bin/../../lib/gcc/pic32mx/8.3.1/../../../../pic32mx/lib/libpic32.a(vector42.o)
                0x000000009d006740                __vector_dispatch_42
                0x0000000000000001                ASSERT (((_vector_spacing == 0x0) || (SIZEOF (.vector_42) <= (_vector_spacing << 0x5))), function at exception vector 42 too large)

.vector_43      0x000000009d006760        0x8
 *(.vector_43)
 .vector_43     0x000000009d006760        0x8 /opt/microchip/xc32/v4.50/bin/bin/../../lib/gcc/pic32mx/8.3.1/../../../../pic32mx/lib/libpic32.a(vector43.o)
                0x000000009d006760                __vector_dispatch_43
                0x0000000000000001                ASSERT (((_vector_spacing == 0x0) || (SIZEOF (.vector_43) <= (_vector_spacing << 0x5))), function at exception vector 43 too large)

.vector_44      0x000000009d006780        0x0
 *(.vector_44)
                0x0000000000000001                ASSERT (((_vector_spacing == 0x0) || (SIZEOF (.vector_44) <= (_vector_spacing << 0x5))), function at exception vector 44 too large)

.vector_45      0x000000009d0067a0        0x0
 *(.vector_45)
                0x0000000000000001                ASSERT (((_vector_spacing == 0x0) || (SIZEOF (.vector_45) <= (_vector_spacing << 0x5))), function at exception vector 45 too large)

.vector_46      0x000000009d0067c0        0x0
 *(.vector_46)
                0x0000000000000001                ASSERT (((_vector_spacing == 0x0) || (SIZEOF (.vector_46) <= (_vector_spacing << 0x5))), function at exception vector 46 too large)

.vector_47      0x000000009d0067e0        0x0
 *(.vector_47)
                0x0000000000000001                ASSERT (((_vector_spacing == 0x0) || (SIZEOF (.vector_47) <= (_vector_spacing << 0x5))), function at exception vector 47 too large)

.vector_48      0x000000009d006800        0x0
 *(.vector_48)
                0x0000000000000001                ASSERT (((_vector_spacing == 0x0) || (SIZEOF (.vector_48) <= (_vector_spacing << 0x5))), function at exception vector 48 too large)

.vector_49      0x000000009d006820        0x0
 *(.vector_49)
                0x0000000000000001                ASSERT (((_vector_spacing == 0x0) || (SIZEOF (.vector_49) <= (_vector_spacing << 0x5))), function at exception vector 49 too large)

.vector_50      0x000000009d006840        0x0
 *(.vector_50)
                0x0000000000000001                ASSERT (((_vector_spacing == 0x0) || (SIZEOF (.vector_50) <= (_vector_spacing << 0x5))), function at exception vector 50 too large)

.vector_51      0x000000009d006860        0x0
 *(.vector_51)
                0x0000000000000001                ASSERT (((_vector_spacing == 0x0) || (SIZEOF (.vector_51) <= (_vector_spacing << 0x5))), function at exception vector 51 too large)

.vector_52      0x000000009d006880        0x0
 *(.vector_52)
                0x0000000000000001                ASSERT (((_vector_spacing == 0x0) || (SIZEOF (.vector_52) <= (_vector_spacing << 0x5))), function at exception vector 52 too large)

.vector_53      0x000000009d0068a0        0x0
 *(.vector_53)
                0x0000000000000001                ASSERT (((_vector_spacing == 0x0) || (SIZEOF (.vector_53) <= (_vector_spacing << 0x5))), function at exception vector 53 too large)

.vector_54      0x000000009d0068c0        0x0
 *(.vector_54)
                0x0000000000000001                ASSERT (((_vector_spacing == 0x0) || (SIZEOF (.vector_54) <= (_vector_spacing << 0x5))), function at exception vector 54 too large)

.vector_55      0x000000009d0068e0        0x0
 *(.vector_55)
                0x0000000000000001                ASSERT (((_vector_spacing == 0x0) || (SIZEOF (.vector_55) <= (_vector_spacing << 0x5))), function at exception vector 55 too large)

.vector_56      0x000000009d006900        0x0
 *(.vector_56)
                0x0000000000000001                ASSERT (((_vector_spacing == 0x0) || (SIZEOF (.vector_56) <= (_vector_spacing << 0x5))), function at exception vector 56 too large)

.vector_57      0x000000009d006920        0x0
 *(.vector_57)
                0x0000000000000001                ASSERT (((_vector_spacing == 0x0) || (SIZEOF (.vector_57) <= (_vector_spacing << 0x5))), function at exception vector 57 too large)

.vector_58      0x000000009d006940        0x0
 *(.vector_58)
                0x0000000000000001                ASSERT (((_vector_spacing == 0x0) || (SIZEOF (.vector_58) <= (_vector_spacing << 0x5))), function at exception vector 58 too large)

.vector_59      0x000000009d006960        0x0
 *(.vector_59)
                0x0000000000000001                ASSERT (((_vector_spacing == 0x0) || (SIZEOF (.vector_59) <= (_vector_spacing << 0x5))), function at exception vector 59 too large)

.vector_60      0x000000009d006980        0x0
 *(.vector_60)
                0x0000000000000001                ASSERT (((_vector_spacing == 0x0) || (SIZEOF (.vector_60) <= (_vector_spacing << 0x5))), function at exception vector 60 too large)

.vector_61      0x000000009d0069a0        0x0
 *(.vector_61)
                0x0000000000000001                ASSERT (((_vector_spacing == 0x0) || (SIZEOF (.vector_61) <= (_vector_spacing << 0x5))), function at exception vector 61 too large)

.vector_62      0x000000009d0069c0        0x0
 *(.vector_62)
                0x0000000000000001                ASSERT (((_vector_spacing == 0x0) || (SIZEOF (.vector_62) <= (_vector_spacing << 0x5))), function at exception vector 62 too large)

.vector_63      0x000000009d0069e0        0x0
 *(.vector_63)
                0x0000000000000001                ASSERT (((_vector_spacing == 0x0) || (SIZEOF (.vector_63) <= (_vector_spacing << 0x5))), function at exception vector 63 too large)

.startup
 *(.startup)

.text
 *(.stub .gnu.linkonce.t.*)
 *(.text.*personality*)
 *(.mips16.fn.*)
 *(.mips16.call.*)
 *(.gnu.warning)

.rodata         0x000000009d007490      0x1f0
 *(.rodata.* .gnu.linkonce.r.*)
 .rodata.str1.4
                0x000000009d007490       0x10 currentControl.o
 .rodata.cst4   0x000000009d0074a0        0xc currentControl.o
 *fill*         0x000000009d0074ac        0x4 
 .rodata.cst8   0x000000009d0074b0        0x8 currentControl.o
 .rodata.str1.4
                0x000000009d0074b8        0x4 encoder.o
 .rodata.str1.4
                0x000000009d0074bc       0x28 i2c_master_noint.o
 *fill*         0x000000009d0074e4        0x4 
 .rodata.cst8   0x000000009d0074e8        0x8 ina219.o
 .rodata.str1.4
                0x000000009d0074f0       0x64 main.o
 *fill*         0x000000009d007554        0x4 
 .rodata.cst8   0x000000009d007558       0x10 main.o
 .rodata.str1.4
                0x000000009d007568        0x4 positionControl.o
 .rodata.cst4   0x000000009d00756c        0x4 positionControl.o
 .rodata.cst8   0x000000009d007570        0x8 /opt/microchip/xc32/v4.50/bin/bin/../../lib/gcc/pic32mx/8.3.1/libgcc.a(floatunsidf.o)
 .rodata.str1.4
                0x000000009d007578       0x10 /opt/microchip/xc32/v4.50/bin/bin/../../lib/gcc/pic32mx/8.3.1/../../../../pic32mx/lib/libc-musl.a(__fmt_fp.o)
 .rodata.cst8   0x000000009d007588       0x20 /opt/microchip/xc32/v4.50/bin/bin/../../lib/gcc/pic32mx/8.3.1/../../../../pic32mx/lib/libc-musl.a(__fmt_fp.o)
 .rodata.str1.4
                0x000000009d0075a8        0xc /opt/microchip/xc32/v4.50/bin/bin/../../lib/gcc/pic32mx/8.3.1/../../../../pic32mx/lib/libc-musl.a(__printf_core.o)
 .rodata.str1.4
                0x000000009d0075b4        0x8 /opt/microchip/xc32/v4.50/bin/bin/../../lib/gcc/pic32mx/8.3.1/../../../../pic32mx/lib/libc-musl.a(__scan_fp.o)
 .rodata.str1.4
                0x000000009d0075bc       0x10 /opt/microchip/xc32/v4.50/bin/bin/../../lib/gcc/pic32mx/8.3.1/../../../../pic32mx/lib/libc-musl.a(floatscan.o)
 *fill*         0x000000009d0075cc        0x4 
 .rodata.cst8   0x000000009d0075d0       0x60 /opt/microchip/xc32/v4.50/bin/bin/../../lib/gcc/pic32mx/8.3.1/../../../../pic32mx/lib/libc-musl.a(floatscan.o)
 .rodata.cst8   0x000000009d007630       0x20 /opt/microchip/xc32/v4.50/bin/bin/../../lib/gcc/pic32mx/8.3.1/../../../../pic32mx/lib/libm.a(support.o)
 .rodata.cst8   0x000000009d007650       0x20 /opt/microchip/xc32/v4.50/bin/bin/../../lib/gcc/pic32mx/8.3.1/../../../../pic32mx/lib/libm-musl.a(fma.o)
 .rodata.cst8   0x000000009d007670       0x10 /opt/microchip/xc32/v4.50/bin/bin/../../lib/gcc/pic32mx/8.3.1/../../../../pic32mx/lib/libm-musl.a(scalbn.o)
 *(.rodata1)
                0x000000009d007680                . = ALIGN (0x4)

.sdata2         0x000000009d007680        0x0
 *(.sdata2 .sdata2.* .gnu.linkonce.s2.*)
                0x000000009d007680                . = ALIGN (0x4)

.sbss2          0x000000009d007680        0x0
 *(.sbss2 .sbss2.* .gnu.linkonce.sb2.*)
                0x000000009d007680                . = ALIGN (0x4)

.eh_frame_hdr
 *(.eh_frame_hdr)

.eh_frame
 *(.eh_frame)

.dbg_data       0x00000000a0000000        0x0
                0x00000000a0000000                . = (. + DEFINED (_DEBUGGER)?0x200:0x0)

.persist        0x00000000a0000000        0x0
                0x00000000a0000000                _persist_begin = .
 *(.persist .persist.*)
                0x00000000a0000000                . = ALIGN (0x4)
                0x00000000a0000000                _persist_end = .

.eh_frame
 *(.eh_frame)
                0x00000000a0000000                . = .
                0x00000000a0007ff0                _gp = (ALIGN (0x10) + 0x7ff0)

.got
 *(.got.plt)
 *(.got)

.sdata          0x00000000a0000000       0x14
                0x00000000a0000000                _sdata_begin = .
 *(.sdata .sdata.* .gnu.linkonce.s.*)
 .sdata         0x00000000a0000000        0xc currentControl.o
                0x00000000a0000004                ki_cc
                0x00000000a0000008                kp_cc
 .sdata         0x00000000a000000c        0x4 positionControl.o
                0x00000000a000000c                kp_pc
 .sdata         0x00000000a0000010        0x4 /opt/microchip/xc32/v4.50/bin/bin/../../lib/gcc/pic32mx/8.3.1/../../../../pic32mx/lib/libpic32.a(xc32_uart.o)
                0x00000000a0000010                __XC_UART
                0x00000000a0000014                _sdata_end = .

.lit8
 *(.lit8)

.lit4
 *(.lit4)
                0x00000000a0000014                . = ALIGN (0x4)
                0x00000000a0000014                _data_end = .
                0x00000000a0000014                _bss_begin = .

.sbss           0x00000000a0000014       0x4c
                0x00000000a0000014                _sbss_begin = .
 *(.dynsbss)
 *(.sbss .sbss.* .gnu.linkonce.sb.*)
 .sbss          0x00000000a0000014       0x18 currentControl.o
                0x00000000a0000028                dutyCycle
 .sbss          0x00000000a000002c        0xc encoder.o
                0x00000000a000002c                newPosFlag
                0x00000000a0000030                pos
                0x00000000a0000034                rx_num_bytes
 .sbss          0x00000000a0000038        0x8 main.o
                0x00000000a0000038                dutyCycle_tmp
 .sbss          0x00000000a0000040       0x1c positionControl.o
                0x00000000a0000054                kd_pc
                0x00000000a0000058                ki_pc
 .sbss          0x00000000a000005c        0x4 utilities.o
                0x00000000a000005c                mode
 *(.scommon)
                0x00000000a0000060                _sbss_end = .

.bss            0x00000000a0000060       0x64
 *(.dynbss)
 *(COMMON)
 COMMON         0x00000000a0000060       0x64 encoder.o
                0x00000000a0000060                rx_message
                0x00000000a00000c4                . = ALIGN (0x4)
                0x00000000a00000c4                . = ALIGN (0x4)
                0x00000000a00000c4                _end = .
                0x00000000a00000c4                _bss_end = .
                0x0000000000010000                _bmxdudba_address = LENGTH (kseg1_data_mem)
                0x0000000000010000                _bmxdupba_address = LENGTH (kseg1_data_mem)

/DISCARD/
 *(.pdr)
 *(.reginfo)
 *(.rel.dyn)
 *(.note.GNU-stack)
 *(.note.GNU-stack)
 *(.gnu_debuglink)
 *(.gnu.lto_*)
 *(.discard)

.stab
 *(.stab)

.stabstr
 *(.stabstr)

.stab.excl
 *(.stab.excl)

.stab.exclstr
 *(.stab.exclstr)

.stab.index
 *(.stab.index)

.stab.indexstr
 *(.stab.indexstr)

.comment        0x0000000000000000      0x114
 *(.comment)
 .comment       0x0000000000000000       0x2b currentControl.o
                                         0x2c (size before relaxing)
 .comment       0x000000000000002b       0x2c encoder.o
 .comment       0x000000000000002b       0x2c i2c_master_noint.o
 .comment       0x000000000000002b       0x2c ina219.o
 .comment       0x000000000000002b       0x2c isense.o
 .comment       0x000000000000002b       0x2c main.o
 .comment       0x000000000000002b       0x2c nu32dip.o
 .comment       0x000000000000002b       0x2c positionControl.o
 .comment       0x000000000000002b       0x2c utilities.o
 .comment       0x000000000000002b       0x2c /opt/microchip/xc32/v4.50/bin/bin/../../lib/gcc/pic32mx/8.3.1/libgcc.a(floatunsisf.o)
 .comment       0x000000000000002b       0x2c /opt/microchip/xc32/v4.50/bin/bin/../../lib/gcc/pic32mx/8.3.1/libgcc.a(floatunsidf.o)
 .comment       0x000000000000002b       0x2c /opt/microchip/xc32/v4.50/bin/bin/../../lib/gcc/pic32mx/8.3.1/../../../../pic32mx/lib/libpic32.a(default-bootstrap-exception-handler.o)
 .comment       0x000000000000002b       0x2c /opt/microchip/xc32/v4.50/bin/bin/../../lib/gcc/pic32mx/8.3.1/../../../../pic32mx/lib/libpic32.a(default-on-reset.o)
 .comment       0x000000000000002b       0x2c /opt/microchip/xc32/v4.50/bin/bin/../../lib/gcc/pic32mx/8.3.1/../../../../pic32mx/lib/libpic32.a(default-on-bootstrap.o)
 .comment       0x000000000000002b       0x2c /opt/microchip/xc32/v4.50/bin/bin/../../lib/gcc/pic32mx/8.3.1/../../../../pic32mx/lib/libpic32.a(default-general-exception-handler.o)
 .comment       0x000000000000002b       0x2c /opt/microchip/xc32/v4.50/bin/bin/../../lib/gcc/pic32mx/8.3.1/../../../../pic32mx/lib/libpic32.a(defaultinterrupt.o)
 .comment       0x000000000000002b       0x2c /opt/microchip/xc32/v4.50/bin/bin/../../lib/gcc/pic32mx/8.3.1/../../../../pic32mx/lib/libc-musl.a(__sio_sprintf_deEfFgGn.o)
 .comment       0x000000000000002b       0x2c /opt/microchip/xc32/v4.50/bin/bin/../../lib/gcc/pic32mx/8.3.1/../../../../pic32mx/lib/libc-musl.a(__sio_sscanf_deEfFgGn.o)
 .comment       0x000000000000002b       0x2c /opt/microchip/xc32/v4.50/bin/bin/../../lib/gcc/pic32mx/8.3.1/../../../../pic32mx/lib/libc-musl.a(__fmt_d.o)
 .comment       0x000000000000002b       0x2c /opt/microchip/xc32/v4.50/bin/bin/../../lib/gcc/pic32mx/8.3.1/../../../../pic32mx/lib/libc-musl.a(__fmt_fp.o)
 .comment       0x000000000000002b       0x2c /opt/microchip/xc32/v4.50/bin/bin/../../lib/gcc/pic32mx/8.3.1/../../../../pic32mx/lib/libc-musl.a(__pop_float.o)
 .comment       0x000000000000002b       0x2c /opt/microchip/xc32/v4.50/bin/bin/../../lib/gcc/pic32mx/8.3.1/../../../../pic32mx/lib/libc-musl.a(__pop_int.o)
 .comment       0x000000000000002b       0x2c /opt/microchip/xc32/v4.50/bin/bin/../../lib/gcc/pic32mx/8.3.1/../../../../pic32mx/lib/libc-musl.a(__pop_ptr.o)
 .comment       0x000000000000002b       0x2c /opt/microchip/xc32/v4.50/bin/bin/../../lib/gcc/pic32mx/8.3.1/../../../../pic32mx/lib/libc-musl.a(__printf_core.o)
 .comment       0x000000000000002b       0x2c /opt/microchip/xc32/v4.50/bin/bin/../../lib/gcc/pic32mx/8.3.1/../../../../pic32mx/lib/libc-musl.a(__scan_d.o)
 .comment       0x000000000000002b       0x2c /opt/microchip/xc32/v4.50/bin/bin/../../lib/gcc/pic32mx/8.3.1/../../../../pic32mx/lib/libc-musl.a(__scan_fp.o)
 .comment       0x000000000000002b       0x2c /opt/microchip/xc32/v4.50/bin/bin/../../lib/gcc/pic32mx/8.3.1/../../../../pic32mx/lib/libc-musl.a(__scan_i.o)
 .comment       0x000000000000002b       0x2c /opt/microchip/xc32/v4.50/bin/bin/../../lib/gcc/pic32mx/8.3.1/../../../../pic32mx/lib/libc-musl.a(__scanf_core.o)
 .comment       0x000000000000002b       0x2c /opt/microchip/xc32/v4.50/bin/bin/../../lib/gcc/pic32mx/8.3.1/../../../../pic32mx/lib/libc-musl.a(atoi.o)
 .comment       0x000000000000002b       0x2c /opt/microchip/xc32/v4.50/bin/bin/../../lib/gcc/pic32mx/8.3.1/../../../../pic32mx/lib/libc-musl.a(strtod.o)
 .comment       0x000000000000002b       0x2c /opt/microchip/xc32/v4.50/bin/bin/../../lib/gcc/pic32mx/8.3.1/../../../../pic32mx/lib/libc-musl.a(strtol.o)
 .comment       0x000000000000002b       0x2c /opt/microchip/xc32/v4.50/bin/bin/../../lib/gcc/pic32mx/8.3.1/../../../../pic32mx/lib/libc-musl.a(isxdigit.o)
 .comment       0x000000000000002b       0x2c /opt/microchip/xc32/v4.50/bin/bin/../../lib/gcc/pic32mx/8.3.1/../../../../pic32mx/lib/libc-musl.a(tolower.o)
 .comment       0x000000000000002b       0x2c /opt/microchip/xc32/v4.50/bin/bin/../../lib/gcc/pic32mx/8.3.1/../../../../pic32mx/lib/libc-musl.a(floatscan.o)
 .comment       0x000000000000002b       0x2c /opt/microchip/xc32/v4.50/bin/bin/../../lib/gcc/pic32mx/8.3.1/../../../../pic32mx/lib/libc-musl.a(intscan.o)
 .comment       0x000000000000002b       0x2c /opt/microchip/xc32/v4.50/bin/bin/../../lib/gcc/pic32mx/8.3.1/../../../../pic32mx/lib/libc-musl.a(shgetc.o)
 .comment       0x000000000000002b       0x2c /opt/microchip/xc32/v4.50/bin/bin/../../lib/gcc/pic32mx/8.3.1/../../../../pic32mx/lib/libc-musl.a(__int_vsprintf.o)
 .comment       0x000000000000002b       0x2c /opt/microchip/xc32/v4.50/bin/bin/../../lib/gcc/pic32mx/8.3.1/../../../../pic32mx/lib/libc-musl.a(__int_vsscanf.o)
 .comment       0x000000000000002b       0x2c /opt/microchip/xc32/v4.50/bin/bin/../../lib/gcc/pic32mx/8.3.1/../../../../pic32mx/lib/libc-musl.a(__string_read.o)
 .comment       0x000000000000002b       0x2c /opt/microchip/xc32/v4.50/bin/bin/../../lib/gcc/pic32mx/8.3.1/../../../../pic32mx/lib/libc-musl.a(__uflow.o)
 .comment       0x000000000000002b       0x2c /opt/microchip/xc32/v4.50/bin/bin/../../lib/gcc/pic32mx/8.3.1/../../../../pic32mx/lib/libc-musl.a(__cvt_u.o)
 .comment       0x000000000000002b       0x2c /opt/microchip/xc32/v4.50/bin/bin/../../lib/gcc/pic32mx/8.3.1/../../../../pic32mx/lib/libc-musl.a(__io_rw_needed.o)
 .comment       0x000000000000002b       0x2c /opt/microchip/xc32/v4.50/bin/bin/../../lib/gcc/pic32mx/8.3.1/../../../../pic32mx/lib/libc-musl.a(__push_float.o)
 .comment       0x000000000000002b       0x2c /opt/microchip/xc32/v4.50/bin/bin/../../lib/gcc/pic32mx/8.3.1/../../../../pic32mx/lib/libc-musl.a(__push_int.o)
 .comment       0x000000000000002b       0x2c /opt/microchip/xc32/v4.50/bin/bin/../../lib/gcc/pic32mx/8.3.1/../../../../pic32mx/lib/libc-musl.a(__read_int.o)
 .comment       0x000000000000002b       0x2c /opt/microchip/xc32/v4.50/bin/bin/../../lib/gcc/pic32mx/8.3.1/../../../../pic32mx/lib/libc-musl.a(__towrite_rw.o)
 .comment       0x000000000000002b       0x2c /opt/microchip/xc32/v4.50/bin/bin/../../lib/gcc/pic32mx/8.3.1/../../../../pic32mx/lib/libc-musl.a(__int_vfscanf.o)
 .comment       0x000000000000002b       0x2c /opt/microchip/xc32/v4.50/bin/bin/../../lib/gcc/pic32mx/8.3.1/../../../../pic32mx/lib/libc-musl.a(__int_vsnprintf.o)
 .comment       0x000000000000002b       0x2c /opt/microchip/xc32/v4.50/bin/bin/../../lib/gcc/pic32mx/8.3.1/../../../../pic32mx/lib/libc-musl.a(__toread.o)
 .comment       0x000000000000002b       0x2c /opt/microchip/xc32/v4.50/bin/bin/../../lib/gcc/pic32mx/8.3.1/../../../../pic32mx/lib/libc-musl.a(__fopen_rw.o)
 .comment       0x000000000000002b       0x2c /opt/microchip/xc32/v4.50/bin/bin/../../lib/gcc/pic32mx/8.3.1/../../../../pic32mx/lib/libc-musl.a(__ftello_rw.o)
 .comment       0x000000000000002b       0x2c /opt/microchip/xc32/v4.50/bin/bin/../../lib/gcc/pic32mx/8.3.1/../../../../pic32mx/lib/libc-musl.a(__io_buf_needed.o)
 .comment       0x000000000000002b       0x2c /opt/microchip/xc32/v4.50/bin/bin/../../lib/gcc/pic32mx/8.3.1/../../../../pic32mx/lib/libc-musl.a(__io_file_needed.o)
 .comment       0x000000000000002b       0x2c /opt/microchip/xc32/v4.50/bin/bin/../../lib/gcc/pic32mx/8.3.1/../../../../pic32mx/lib/libc-musl.a(__io_std_needed.o)
 .comment       0x000000000000002b       0x2c /opt/microchip/xc32/v4.50/bin/bin/../../lib/gcc/pic32mx/8.3.1/../../../../pic32mx/lib/libc-musl.a(__out.o)
 .comment       0x000000000000002b       0x2c /opt/microchip/xc32/v4.50/bin/bin/../../lib/gcc/pic32mx/8.3.1/../../../../pic32mx/lib/libc-musl.a(__putc.o)
 .comment       0x000000000000002b       0x2c /opt/microchip/xc32/v4.50/bin/bin/../../lib/gcc/pic32mx/8.3.1/../../../../pic32mx/lib/libc-musl.a(__stderr.o)
 .comment       0x000000000000002b       0x2c /opt/microchip/xc32/v4.50/bin/bin/../../lib/gcc/pic32mx/8.3.1/../../../../pic32mx/lib/libc-musl.a(__stdio_close.o)
 .comment       0x000000000000002b       0x2c /opt/microchip/xc32/v4.50/bin/bin/../../lib/gcc/pic32mx/8.3.1/../../../../pic32mx/lib/libc-musl.a(__stdio_exit.o)
 .comment       0x000000000000002b       0x2c /opt/microchip/xc32/v4.50/bin/bin/../../lib/gcc/pic32mx/8.3.1/../../../../pic32mx/lib/libc-musl.a(__stdio_read.o)
 .comment       0x000000000000002b       0x2c /opt/microchip/xc32/v4.50/bin/bin/../../lib/gcc/pic32mx/8.3.1/../../../../pic32mx/lib/libc-musl.a(__stdio_seek.o)
 .comment       0x000000000000002b       0x2c /opt/microchip/xc32/v4.50/bin/bin/../../lib/gcc/pic32mx/8.3.1/../../../../pic32mx/lib/libc-musl.a(__stdout.o)
 .comment       0x000000000000002b       0x2c /opt/microchip/xc32/v4.50/bin/bin/../../lib/gcc/pic32mx/8.3.1/../../../../pic32mx/lib/libc-musl.a(putc.o)
 .comment       0x000000000000002b       0x2c /opt/microchip/xc32/v4.50/bin/bin/../../lib/gcc/pic32mx/8.3.1/../../../../pic32mx/lib/libc-musl.a(readv.o)
 .comment       0x000000000000002b       0x2c /opt/microchip/xc32/v4.50/bin/bin/../../lib/gcc/pic32mx/8.3.1/../../../../pic32mx/lib/libc-musl.a(__int_vfprintf.o)
 .comment       0x000000000000002b       0x2c /opt/microchip/xc32/v4.50/bin/bin/../../lib/gcc/pic32mx/8.3.1/../../../../pic32mx/lib/libc-musl.a(__overflow.o)
 .comment       0x000000000000002b       0x2c /opt/microchip/xc32/v4.50/bin/bin/../../lib/gcc/pic32mx/8.3.1/../../../../pic32mx/lib/libc-musl.a(__fclose.o)
 .comment       0x000000000000002b       0x2c /opt/microchip/xc32/v4.50/bin/bin/../../lib/gcc/pic32mx/8.3.1/../../../../pic32mx/lib/libc-musl.a(__fopen.o)
 .comment       0x000000000000002b       0x2c /opt/microchip/xc32/v4.50/bin/bin/../../lib/gcc/pic32mx/8.3.1/../../../../pic32mx/lib/libc-musl.a(__fseeko.o)
 .comment       0x000000000000002b       0x2c /opt/microchip/xc32/v4.50/bin/bin/../../lib/gcc/pic32mx/8.3.1/../../../../pic32mx/lib/libc-musl.a(__ftello.o)
 .comment       0x000000000000002b       0x2c /opt/microchip/xc32/v4.50/bin/bin/../../lib/gcc/pic32mx/8.3.1/../../../../pic32mx/lib/libc-musl.a(__fwrite.o)
 .comment       0x000000000000002b       0x2c /opt/microchip/xc32/v4.50/bin/bin/../../lib/gcc/pic32mx/8.3.1/../../../../pic32mx/lib/libc-musl.a(__io_init_needed.o)
 .comment       0x000000000000002b       0x2c /opt/microchip/xc32/v4.50/bin/bin/../../lib/gcc/pic32mx/8.3.1/../../../../pic32mx/lib/libc-musl.a(__towrite.o)
 .comment       0x000000000000002b       0x2c /opt/microchip/xc32/v4.50/bin/bin/../../lib/gcc/pic32mx/8.3.1/../../../../pic32mx/lib/libc-musl.a(__init_stdio.o)
 .comment       0x000000000000002b       0x2c /opt/microchip/xc32/v4.50/bin/bin/../../lib/gcc/pic32mx/8.3.1/../../../../pic32mx/lib/libm.a(support.o)
 .comment       0x000000000000002b       0x2c /opt/microchip/xc32/v4.50/bin/bin/../../lib/gcc/pic32mx/8.3.1/../../../../pic32mx/lib/libm-musl.a(fabsl.o)
 .comment       0x000000000000002b       0x2c /opt/microchip/xc32/v4.50/bin/bin/../../lib/gcc/pic32mx/8.3.1/../../../../pic32mx/lib/libm-musl.a(fma.o)
 .comment       0x000000000000002b       0x2c /opt/microchip/xc32/v4.50/bin/bin/../../lib/gcc/pic32mx/8.3.1/../../../../pic32mx/lib/libm-musl.a(scalbn.o)
 .comment       0x000000000000002b       0x2c /opt/microchip/xc32/v4.50/bin/bin/../../lib/gcc/pic32mx/8.3.1/../../../../pic32mx/lib/libm-musl.a(scalbnl.o)
 .comment       0x000000000000002b       0x2c /opt/microchip/xc32/v4.50/bin/bin/../../lib/gcc/pic32mx/8.3.1/../../../../pic32mx/lib/libm-musl.a(fabs.o)
 .comment       0x000000000000002b       0x2c /opt/microchip/xc32/v4.50/bin/bin/../../lib/gcc/pic32mx/8.3.1/../../../../pic32mx/lib/libpic32.a(read.o)
 .comment       0x000000000000002b       0x2c /opt/microchip/xc32/v4.50/bin/bin/../../lib/gcc/pic32mx/8.3.1/../../../../pic32mx/lib/libpic32.a(write.o)
 .comment       0x000000000000002b       0x2c /opt/microchip/xc32/v4.50/bin/bin/../../lib/gcc/pic32mx/8.3.1/../../../../pic32mx/lib/libpic32.a(lseek.o)
 .comment       0x000000000000002b       0x2c /opt/microchip/xc32/v4.50/bin/bin/../../lib/gcc/pic32mx/8.3.1/../../../../pic32mx/lib/libpic32.a(close.o)
 .comment       0x000000000000002b       0x2c /opt/microchip/xc32/v4.50/bin/bin/../../lib/gcc/pic32mx/8.3.1/../../../../pic32mx/lib/libpic32.a(xc32_uart.o)
 .comment       0x000000000000002b       0x2c /opt/microchip/xc32/v4.50/bin/bin/../../lib/gcc/pic32mx/8.3.1/../../../../pic32mx/lib/libpic32.a(errno.o)
 .comment       0x000000000000002b       0x2c /opt/microchip/xc32/v4.50/bin/bin/../../lib/gcc/pic32mx/8.3.1/../../../../pic32mx/lib/libpic32.a(_mon_putc.o)
 .comment       0x000000000000002b       0x2c /opt/microchip/xc32/v4.50/bin/bin/../../lib/gcc/pic32mx/8.3.1/../../../../pic32mx/lib/libc-size-musl.a(memchr.o)
 .comment       0x000000000000002b       0x2c /opt/microchip/xc32/v4.50/bin/bin/../../lib/gcc/pic32mx/8.3.1/../../../../pic32mx/lib/libc-size-musl.a(memcpy.o)
 .comment       0x000000000000002b       0x2c /opt/microchip/xc32/v4.50/bin/bin/../../lib/gcc/pic32mx/8.3.1/../../../../pic32mx/lib/libc-size-musl.a(memset.o)
 .comment       0x000000000000002b       0x2c /opt/microchip/xc32/v4.50/bin/bin/../../lib/gcc/pic32mx/8.3.1/../../../../pic32mx/lib/libc-size-musl.a(strlen.o)
 .comment       0x000000000000002b       0x2c /opt/microchip/xc32/v4.50/bin/bin/../../lib/gcc/pic32mx/8.3.1/../../../../pic32mx/lib/libc-size-musl.a(strcpy.o)
 .comment       0x000000000000002b       0x2c /opt/microchip/xc32/v4.50/bin/bin/../../lib/gcc/pic32mx/8.3.1/../../../../pic32mx/lib/libc-size-musl.a(stpcpy.o)
 .comment       0x000000000000002b       0x2c /opt/microchip/xc32/v4.50/bin/bin/../../lib/gcc/pic32mx/8.3.1/../../../../pic32mx/lib/liblmalloc-musl.a(lite_malloc.o)
 .comment       0x000000000000002b       0x2c /opt/microchip/xc32/v4.50/bin/bin/../../lib/gcc/pic32mx/8.3.1/../../../../pic32mx/lib/liblmalloc-musl.a(lite_free.o)
 .comment       0x000000000000002b       0x2c /opt/microchip/xc32/v4.50/bin/bin/../../lib/gcc/pic32mx/8.3.1/../../../../pic32mx/lib/libc-musl.a(expand_heap.o)
 .comment       0x000000000000002b       0x9e /opt/microchip/xc32/v4.50/bin/bin/../../lib/gcc/pic32mx/8.3.1/../../../../pic32mx/lib/libe.a(_floatdidf.o)
                                         0xca (size before relaxing)
 .comment       0x00000000000000c9       0x4b /opt/microchip/xc32/v4.50/bin/bin/../../lib/gcc/pic32mx/8.3.1/../../../../pic32mx/lib/libpic32.a(sbrk.o)
                                         0x77 (size before relaxing)
 .comment       0x0000000000000114       0x2c /opt/microchip/xc32/v4.50/bin/bin/../../lib/gcc/pic32mx/8.3.1/libgcc.a(_lshrdi3.o)
 .comment       0x0000000000000114       0x2c /opt/microchip/xc32/v4.50/bin/bin/../../lib/gcc/pic32mx/8.3.1/libgcc.a(_ashldi3.o)
 .comment       0x0000000000000114       0x2c /opt/microchip/xc32/v4.50/bin/bin/../../lib/gcc/pic32mx/8.3.1/libgcc.a(_divdi3.o)
 .comment       0x0000000000000114       0x2c /opt/microchip/xc32/v4.50/bin/bin/../../lib/gcc/pic32mx/8.3.1/libgcc.a(_moddi3.o)
 .comment       0x0000000000000114       0x2c /opt/microchip/xc32/v4.50/bin/bin/../../lib/gcc/pic32mx/8.3.1/libgcc.a(_udivdi3.o)
 .comment       0x0000000000000114       0x2c /opt/microchip/xc32/v4.50/bin/bin/../../lib/gcc/pic32mx/8.3.1/libgcc.a(_umoddi3.o)

.debug
 *(.debug)

.line
 *(.line)

.debug_srcinfo
 *(.debug_srcinfo)

.debug_sfnames
 *(.debug_sfnames)

.debug_aranges  0x0000000000000000      0xee0
 *(.debug_aranges)
 .debug_aranges
                0x0000000000000000       0x20 currentControl.o
 .debug_aranges
                0x0000000000000020       0x20 encoder.o
 .debug_aranges
                0x0000000000000040       0x20 i2c_master_noint.o
 .debug_aranges
                0x0000000000000060       0x20 ina219.o
 .debug_aranges
                0x0000000000000080       0x20 isense.o
 .debug_aranges
                0x00000000000000a0       0x20 main.o
 .debug_aranges
                0x00000000000000c0       0x20 nu32dip.o
 .debug_aranges
                0x00000000000000e0       0x20 positionControl.o
 .debug_aranges
                0x0000000000000100       0x20 utilities.o
 .debug_aranges
                0x0000000000000120       0x20 /opt/microchip/xc32/v4.50/bin/bin/../../lib/gcc/pic32mx/8.3.1/libgcc.a(floatunsisf.o)
 .debug_aranges
                0x0000000000000140       0x20 /opt/microchip/xc32/v4.50/bin/bin/../../lib/gcc/pic32mx/8.3.1/libgcc.a(floatunsidf.o)
 .debug_aranges
                0x0000000000000160       0x20 /opt/microchip/xc32/v4.50/bin/bin/../../lib/gcc/pic32mx/8.3.1/../../../../pic32mx/lib/libpic32.a(default-bootstrap-exception-handler.o)
 .debug_aranges
                0x0000000000000180       0x20 /opt/microchip/xc32/v4.50/bin/bin/../../lib/gcc/pic32mx/8.3.1/../../../../pic32mx/lib/libpic32.a(default-on-reset.o)
 .debug_aranges
                0x00000000000001a0       0x20 /opt/microchip/xc32/v4.50/bin/bin/../../lib/gcc/pic32mx/8.3.1/../../../../pic32mx/lib/libpic32.a(default-on-bootstrap.o)
 .debug_aranges
                0x00000000000001c0       0x20 /opt/microchip/xc32/v4.50/bin/bin/../../lib/gcc/pic32mx/8.3.1/../../../../pic32mx/lib/libpic32.a(default-general-exception-handler.o)
 .debug_aranges
                0x00000000000001e0       0x20 /opt/microchip/xc32/v4.50/bin/bin/../../lib/gcc/pic32mx/8.3.1/../../../../pic32mx/lib/libpic32.a(defaultinterrupt.o)
 .debug_aranges
                0x0000000000000200       0x28 /opt/microchip/xc32/v4.50/bin/bin/../../lib/gcc/pic32mx/8.3.1/../../../../pic32mx/lib/libc-musl.a(__sio_sprintf_deEfFgGn.o)
 .debug_aranges
                0x0000000000000228       0x28 /opt/microchip/xc32/v4.50/bin/bin/../../lib/gcc/pic32mx/8.3.1/../../../../pic32mx/lib/libc-musl.a(__sio_sscanf_deEfFgGn.o)
 .debug_aranges
                0x0000000000000250       0x20 /opt/microchip/xc32/v4.50/bin/bin/../../lib/gcc/pic32mx/8.3.1/../../../../pic32mx/lib/libc-musl.a(__fmt_d.o)
 .debug_aranges
                0x0000000000000270       0x20 /opt/microchip/xc32/v4.50/bin/bin/../../lib/gcc/pic32mx/8.3.1/../../../../pic32mx/lib/libc-musl.a(__fmt_fp.o)
 .debug_aranges
                0x0000000000000290       0x20 /opt/microchip/xc32/v4.50/bin/bin/../../lib/gcc/pic32mx/8.3.1/../../../../pic32mx/lib/libc-musl.a(__pop_float.o)
 .debug_aranges
                0x00000000000002b0       0x20 /opt/microchip/xc32/v4.50/bin/bin/../../lib/gcc/pic32mx/8.3.1/../../../../pic32mx/lib/libc-musl.a(__pop_int.o)
 .debug_aranges
                0x00000000000002d0       0x20 /opt/microchip/xc32/v4.50/bin/bin/../../lib/gcc/pic32mx/8.3.1/../../../../pic32mx/lib/libc-musl.a(__pop_ptr.o)
 .debug_aranges
                0x00000000000002f0       0x50 /opt/microchip/xc32/v4.50/bin/bin/../../lib/gcc/pic32mx/8.3.1/../../../../pic32mx/lib/libc-musl.a(__printf_core.o)
 .debug_aranges
                0x0000000000000340       0x28 /opt/microchip/xc32/v4.50/bin/bin/../../lib/gcc/pic32mx/8.3.1/../../../../pic32mx/lib/libc-musl.a(__scan_d.o)
 .debug_aranges
                0x0000000000000368       0x20 /opt/microchip/xc32/v4.50/bin/bin/../../lib/gcc/pic32mx/8.3.1/../../../../pic32mx/lib/libc-musl.a(__scan_fp.o)
 .debug_aranges
                0x0000000000000388       0x20 /opt/microchip/xc32/v4.50/bin/bin/../../lib/gcc/pic32mx/8.3.1/../../../../pic32mx/lib/libc-musl.a(__scan_i.o)
 .debug_aranges
                0x00000000000003a8       0x48 /opt/microchip/xc32/v4.50/bin/bin/../../lib/gcc/pic32mx/8.3.1/../../../../pic32mx/lib/libc-musl.a(__scanf_core.o)
 .debug_aranges
                0x00000000000003f0       0x20 /opt/microchip/xc32/v4.50/bin/bin/../../lib/gcc/pic32mx/8.3.1/../../../../pic32mx/lib/libc-musl.a(atoi.o)
 .debug_aranges
                0x0000000000000410       0x38 /opt/microchip/xc32/v4.50/bin/bin/../../lib/gcc/pic32mx/8.3.1/../../../../pic32mx/lib/libc-musl.a(strtod.o)
 .debug_aranges
                0x0000000000000448       0x50 /opt/microchip/xc32/v4.50/bin/bin/../../lib/gcc/pic32mx/8.3.1/../../../../pic32mx/lib/libc-musl.a(strtol.o)
 .debug_aranges
                0x0000000000000498       0x28 /opt/microchip/xc32/v4.50/bin/bin/../../lib/gcc/pic32mx/8.3.1/../../../../pic32mx/lib/libc-musl.a(isxdigit.o)
 .debug_aranges
                0x00000000000004c0       0x28 /opt/microchip/xc32/v4.50/bin/bin/../../lib/gcc/pic32mx/8.3.1/../../../../pic32mx/lib/libc-musl.a(tolower.o)
 .debug_aranges
                0x00000000000004e8       0x30 /opt/microchip/xc32/v4.50/bin/bin/../../lib/gcc/pic32mx/8.3.1/../../../../pic32mx/lib/libc-musl.a(floatscan.o)
 .debug_aranges
                0x0000000000000518       0x20 /opt/microchip/xc32/v4.50/bin/bin/../../lib/gcc/pic32mx/8.3.1/../../../../pic32mx/lib/libc-musl.a(intscan.o)
 .debug_aranges
                0x0000000000000538       0x28 /opt/microchip/xc32/v4.50/bin/bin/../../lib/gcc/pic32mx/8.3.1/../../../../pic32mx/lib/libc-musl.a(shgetc.o)
 .debug_aranges
                0x0000000000000560       0x20 /opt/microchip/xc32/v4.50/bin/bin/../../lib/gcc/pic32mx/8.3.1/../../../../pic32mx/lib/libc-musl.a(__int_vsprintf.o)
 .debug_aranges
                0x0000000000000580       0x28 /opt/microchip/xc32/v4.50/bin/bin/../../lib/gcc/pic32mx/8.3.1/../../../../pic32mx/lib/libc-musl.a(__int_vsscanf.o)
 .debug_aranges
                0x00000000000005a8       0x20 /opt/microchip/xc32/v4.50/bin/bin/../../lib/gcc/pic32mx/8.3.1/../../../../pic32mx/lib/libc-musl.a(__string_read.o)
 .debug_aranges
                0x00000000000005c8       0x20 /opt/microchip/xc32/v4.50/bin/bin/../../lib/gcc/pic32mx/8.3.1/../../../../pic32mx/lib/libc-musl.a(__uflow.o)
 .debug_aranges
                0x00000000000005e8       0x20 /opt/microchip/xc32/v4.50/bin/bin/../../lib/gcc/pic32mx/8.3.1/../../../../pic32mx/lib/libc-musl.a(__cvt_u.o)
 .debug_aranges
                0x0000000000000608       0x20 /opt/microchip/xc32/v4.50/bin/bin/../../lib/gcc/pic32mx/8.3.1/../../../../pic32mx/lib/libc-musl.a(__io_rw_needed.o)
 .debug_aranges
                0x0000000000000628       0x20 /opt/microchip/xc32/v4.50/bin/bin/../../lib/gcc/pic32mx/8.3.1/../../../../pic32mx/lib/libc-musl.a(__push_float.o)
 .debug_aranges
                0x0000000000000648       0x20 /opt/microchip/xc32/v4.50/bin/bin/../../lib/gcc/pic32mx/8.3.1/../../../../pic32mx/lib/libc-musl.a(__push_int.o)
 .debug_aranges
                0x0000000000000668       0x20 /opt/microchip/xc32/v4.50/bin/bin/../../lib/gcc/pic32mx/8.3.1/../../../../pic32mx/lib/libc-musl.a(__read_int.o)
 .debug_aranges
                0x0000000000000688       0x20 /opt/microchip/xc32/v4.50/bin/bin/../../lib/gcc/pic32mx/8.3.1/../../../../pic32mx/lib/libc-musl.a(__towrite_rw.o)
 .debug_aranges
                0x00000000000006a8       0x20 /opt/microchip/xc32/v4.50/bin/bin/../../lib/gcc/pic32mx/8.3.1/../../../../pic32mx/lib/libc-musl.a(__int_vfscanf.o)
 .debug_aranges
                0x00000000000006c8       0x20 /opt/microchip/xc32/v4.50/bin/bin/../../lib/gcc/pic32mx/8.3.1/../../../../pic32mx/lib/libc-musl.a(__int_vsnprintf.o)
 .debug_aranges
                0x00000000000006e8       0x28 /opt/microchip/xc32/v4.50/bin/bin/../../lib/gcc/pic32mx/8.3.1/../../../../pic32mx/lib/libc-musl.a(__toread.o)
 .debug_aranges
                0x0000000000000710       0x20 /opt/microchip/xc32/v4.50/bin/bin/../../lib/gcc/pic32mx/8.3.1/../../../../pic32mx/lib/libc-musl.a(__fopen_rw.o)
 .debug_aranges
                0x0000000000000730       0x20 /opt/microchip/xc32/v4.50/bin/bin/../../lib/gcc/pic32mx/8.3.1/../../../../pic32mx/lib/libc-musl.a(__ftello_rw.o)
 .debug_aranges
                0x0000000000000750       0x20 /opt/microchip/xc32/v4.50/bin/bin/../../lib/gcc/pic32mx/8.3.1/../../../../pic32mx/lib/libc-musl.a(__io_buf_needed.o)
 .debug_aranges
                0x0000000000000770       0x20 /opt/microchip/xc32/v4.50/bin/bin/../../lib/gcc/pic32mx/8.3.1/../../../../pic32mx/lib/libc-musl.a(__io_file_needed.o)
 .debug_aranges
                0x0000000000000790       0x20 /opt/microchip/xc32/v4.50/bin/bin/../../lib/gcc/pic32mx/8.3.1/../../../../pic32mx/lib/libc-musl.a(__io_std_needed.o)
 .debug_aranges
                0x00000000000007b0       0x28 /opt/microchip/xc32/v4.50/bin/bin/../../lib/gcc/pic32mx/8.3.1/../../../../pic32mx/lib/libc-musl.a(__out.o)
 .debug_aranges
                0x00000000000007d8       0x20 /opt/microchip/xc32/v4.50/bin/bin/../../lib/gcc/pic32mx/8.3.1/../../../../pic32mx/lib/libc-musl.a(__putc.o)
 .debug_aranges
                0x00000000000007f8       0x30 /opt/microchip/xc32/v4.50/bin/bin/../../lib/gcc/pic32mx/8.3.1/../../../../pic32mx/lib/libc-musl.a(__stderr.o)
 .debug_aranges
                0x0000000000000828       0x28 /opt/microchip/xc32/v4.50/bin/bin/../../lib/gcc/pic32mx/8.3.1/../../../../pic32mx/lib/libc-musl.a(__stdio_close.o)
 .debug_aranges
                0x0000000000000850       0x30 /opt/microchip/xc32/v4.50/bin/bin/../../lib/gcc/pic32mx/8.3.1/../../../../pic32mx/lib/libc-musl.a(__stdio_exit.o)
 .debug_aranges
                0x0000000000000880       0x20 /opt/microchip/xc32/v4.50/bin/bin/../../lib/gcc/pic32mx/8.3.1/../../../../pic32mx/lib/libc-musl.a(__stdio_read.o)
 .debug_aranges
                0x00000000000008a0       0x30 /opt/microchip/xc32/v4.50/bin/bin/../../lib/gcc/pic32mx/8.3.1/../../../../pic32mx/lib/libc-musl.a(__stdio_seek.o)
 .debug_aranges
                0x00000000000008d0       0x30 /opt/microchip/xc32/v4.50/bin/bin/../../lib/gcc/pic32mx/8.3.1/../../../../pic32mx/lib/libc-musl.a(__stdout.o)
 .debug_aranges
                0x0000000000000900       0x30 /opt/microchip/xc32/v4.50/bin/bin/../../lib/gcc/pic32mx/8.3.1/../../../../pic32mx/lib/libc-musl.a(putc.o)
 .debug_aranges
                0x0000000000000930       0x20 /opt/microchip/xc32/v4.50/bin/bin/../../lib/gcc/pic32mx/8.3.1/../../../../pic32mx/lib/libc-musl.a(readv.o)
 .debug_aranges
                0x0000000000000950       0x20 /opt/microchip/xc32/v4.50/bin/bin/../../lib/gcc/pic32mx/8.3.1/../../../../pic32mx/lib/libc-musl.a(__int_vfprintf.o)
 .debug_aranges
                0x0000000000000970       0x20 /opt/microchip/xc32/v4.50/bin/bin/../../lib/gcc/pic32mx/8.3.1/../../../../pic32mx/lib/libc-musl.a(__overflow.o)
 .debug_aranges
                0x0000000000000990       0x20 /opt/microchip/xc32/v4.50/bin/bin/../../lib/gcc/pic32mx/8.3.1/../../../../pic32mx/lib/libc-musl.a(__fclose.o)
 .debug_aranges
                0x00000000000009b0       0x30 /opt/microchip/xc32/v4.50/bin/bin/../../lib/gcc/pic32mx/8.3.1/../../../../pic32mx/lib/libc-musl.a(__fopen.o)
 .debug_aranges
                0x00000000000009e0       0x20 /opt/microchip/xc32/v4.50/bin/bin/../../lib/gcc/pic32mx/8.3.1/../../../../pic32mx/lib/libc-musl.a(__fseeko.o)
 .debug_aranges
                0x0000000000000a00       0x28 /opt/microchip/xc32/v4.50/bin/bin/../../lib/gcc/pic32mx/8.3.1/../../../../pic32mx/lib/libc-musl.a(__ftello.o)
 .debug_aranges
                0x0000000000000a28       0x28 /opt/microchip/xc32/v4.50/bin/bin/../../lib/gcc/pic32mx/8.3.1/../../../../pic32mx/lib/libc-musl.a(__fwrite.o)
 .debug_aranges
                0x0000000000000a50       0x28 /opt/microchip/xc32/v4.50/bin/bin/../../lib/gcc/pic32mx/8.3.1/../../../../pic32mx/lib/libc-musl.a(__io_init_needed.o)
 .debug_aranges
                0x0000000000000a78       0x28 /opt/microchip/xc32/v4.50/bin/bin/../../lib/gcc/pic32mx/8.3.1/../../../../pic32mx/lib/libc-musl.a(__towrite.o)
 .debug_aranges
                0x0000000000000aa0       0x28 /opt/microchip/xc32/v4.50/bin/bin/../../lib/gcc/pic32mx/8.3.1/../../../../pic32mx/lib/libc-musl.a(__init_stdio.o)
 .debug_aranges
                0x0000000000000ac8       0x78 /opt/microchip/xc32/v4.50/bin/bin/../../lib/gcc/pic32mx/8.3.1/../../../../pic32mx/lib/libm.a(support.o)
 .debug_aranges
                0x0000000000000b40       0x20 /opt/microchip/xc32/v4.50/bin/bin/../../lib/gcc/pic32mx/8.3.1/../../../../pic32mx/lib/libm-musl.a(fabsl.o)
 .debug_aranges
                0x0000000000000b60       0x30 /opt/microchip/xc32/v4.50/bin/bin/../../lib/gcc/pic32mx/8.3.1/../../../../pic32mx/lib/libm-musl.a(fma.o)
 .debug_aranges
                0x0000000000000b90       0x20 /opt/microchip/xc32/v4.50/bin/bin/../../lib/gcc/pic32mx/8.3.1/../../../../pic32mx/lib/libm-musl.a(scalbn.o)
 .debug_aranges
                0x0000000000000bb0       0x20 /opt/microchip/xc32/v4.50/bin/bin/../../lib/gcc/pic32mx/8.3.1/../../../../pic32mx/lib/libm-musl.a(scalbnl.o)
 .debug_aranges
                0x0000000000000bd0       0x20 /opt/microchip/xc32/v4.50/bin/bin/../../lib/gcc/pic32mx/8.3.1/../../../../pic32mx/lib/libm-musl.a(fabs.o)
 .debug_aranges
                0x0000000000000bf0       0x20 /opt/microchip/xc32/v4.50/bin/bin/../../lib/gcc/pic32mx/8.3.1/../../../../pic32mx/lib/libpic32.a(read.o)
 .debug_aranges
                0x0000000000000c10       0x20 /opt/microchip/xc32/v4.50/bin/bin/../../lib/gcc/pic32mx/8.3.1/../../../../pic32mx/lib/libpic32.a(write.o)
 .debug_aranges
                0x0000000000000c30       0x20 /opt/microchip/xc32/v4.50/bin/bin/../../lib/gcc/pic32mx/8.3.1/../../../../pic32mx/lib/libpic32.a(lseek.o)
 .debug_aranges
                0x0000000000000c50       0x20 /opt/microchip/xc32/v4.50/bin/bin/../../lib/gcc/pic32mx/8.3.1/../../../../pic32mx/lib/libpic32.a(close.o)
 .debug_aranges
                0x0000000000000c70       0x20 /opt/microchip/xc32/v4.50/bin/bin/../../lib/gcc/pic32mx/8.3.1/../../../../pic32mx/lib/libpic32.a(_mon_putc.o)
 .debug_aranges
                0x0000000000000c90       0x20 /opt/microchip/xc32/v4.50/bin/bin/../../lib/gcc/pic32mx/8.3.1/../../../../pic32mx/lib/libc-size-musl.a(memchr.o)
 .debug_aranges
                0x0000000000000cb0       0x20 /opt/microchip/xc32/v4.50/bin/bin/../../lib/gcc/pic32mx/8.3.1/../../../../pic32mx/lib/libc-size-musl.a(memcpy.o)
 .debug_aranges
                0x0000000000000cd0       0x20 /opt/microchip/xc32/v4.50/bin/bin/../../lib/gcc/pic32mx/8.3.1/../../../../pic32mx/lib/libc-size-musl.a(memset.o)
 .debug_aranges
                0x0000000000000cf0       0x20 /opt/microchip/xc32/v4.50/bin/bin/../../lib/gcc/pic32mx/8.3.1/../../../../pic32mx/lib/libc-size-musl.a(strlen.o)
 .debug_aranges
                0x0000000000000d10       0x20 /opt/microchip/xc32/v4.50/bin/bin/../../lib/gcc/pic32mx/8.3.1/../../../../pic32mx/lib/libc-size-musl.a(strcpy.o)
 .debug_aranges
                0x0000000000000d30       0x20 /opt/microchip/xc32/v4.50/bin/bin/../../lib/gcc/pic32mx/8.3.1/../../../../pic32mx/lib/libc-size-musl.a(stpcpy.o)
 .debug_aranges
                0x0000000000000d50       0x20 /opt/microchip/xc32/v4.50/bin/bin/../../lib/gcc/pic32mx/8.3.1/../../../../pic32mx/lib/liblmalloc-musl.a(lite_malloc.o)
 .debug_aranges
                0x0000000000000d70       0x30 /opt/microchip/xc32/v4.50/bin/bin/../../lib/gcc/pic32mx/8.3.1/../../../../pic32mx/lib/liblmalloc-musl.a(lite_free.o)
 .debug_aranges
                0x0000000000000da0       0x20 /opt/microchip/xc32/v4.50/bin/bin/../../lib/gcc/pic32mx/8.3.1/../../../../pic32mx/lib/libc-musl.a(expand_heap.o)
 .debug_aranges
                0x0000000000000dc0       0x20 /opt/microchip/xc32/v4.50/bin/bin/../../lib/gcc/pic32mx/8.3.1/../../../../pic32mx/lib/libe.a(_floatdidf.o)
 .debug_aranges
                0x0000000000000de0       0x40 /opt/microchip/xc32/v4.50/bin/bin/../../lib/gcc/pic32mx/8.3.1/../../../../pic32mx/lib/libpic32.a(sbrk.o)
 .debug_aranges
                0x0000000000000e20       0x20 /opt/microchip/xc32/v4.50/bin/bin/../../lib/gcc/pic32mx/8.3.1/libgcc.a(_lshrdi3.o)
 .debug_aranges
                0x0000000000000e40       0x20 /opt/microchip/xc32/v4.50/bin/bin/../../lib/gcc/pic32mx/8.3.1/libgcc.a(_ashldi3.o)
 .debug_aranges
                0x0000000000000e60       0x20 /opt/microchip/xc32/v4.50/bin/bin/../../lib/gcc/pic32mx/8.3.1/libgcc.a(_divdi3.o)
 .debug_aranges
                0x0000000000000e80       0x20 /opt/microchip/xc32/v4.50/bin/bin/../../lib/gcc/pic32mx/8.3.1/libgcc.a(_moddi3.o)
 .debug_aranges
                0x0000000000000ea0       0x20 /opt/microchip/xc32/v4.50/bin/bin/../../lib/gcc/pic32mx/8.3.1/libgcc.a(_udivdi3.o)
 .debug_aranges
                0x0000000000000ec0       0x20 /opt/microchip/xc32/v4.50/bin/bin/../../lib/gcc/pic32mx/8.3.1/libgcc.a(_umoddi3.o)

.debug_pubnames
 *(.debug_pubnames)

.debug_info     0x0000000000000000    0x143e0
 *(.debug_info .gnu.linkonce.wi.*)
 .debug_info    0x0000000000000000     0x12bd currentControl.o
 .debug_info    0x00000000000012bd      0xceb encoder.o
 .debug_info    0x0000000000001fa8      0x4e0 i2c_master_noint.o
 .debug_info    0x0000000000002488      0x345 ina219.o
 .debug_info    0x00000000000027cd      0x143 isense.o
 .debug_info    0x0000000000002910      0xaf7 main.o
 .debug_info    0x0000000000003407      0xa07 nu32dip.o
 .debug_info    0x0000000000003e0e      0xd25 positionControl.o
 .debug_info    0x0000000000004b33       0xb0 utilities.o
 .debug_info    0x0000000000004be3       0x9d /opt/microchip/xc32/v4.50/bin/bin/../../lib/gcc/pic32mx/8.3.1/libgcc.a(floatunsisf.o)
 .debug_info    0x0000000000004c80       0xaf /opt/microchip/xc32/v4.50/bin/bin/../../lib/gcc/pic32mx/8.3.1/libgcc.a(floatunsidf.o)
 .debug_info    0x0000000000004d2f       0x41 /opt/microchip/xc32/v4.50/bin/bin/../../lib/gcc/pic32mx/8.3.1/../../../../pic32mx/lib/libpic32.a(default-bootstrap-exception-handler.o)
 .debug_info    0x0000000000004d70       0x3f /opt/microchip/xc32/v4.50/bin/bin/../../lib/gcc/pic32mx/8.3.1/../../../../pic32mx/lib/libpic32.a(default-on-reset.o)
 .debug_info    0x0000000000004daf       0x3f /opt/microchip/xc32/v4.50/bin/bin/../../lib/gcc/pic32mx/8.3.1/../../../../pic32mx/lib/libpic32.a(default-on-bootstrap.o)
 .debug_info    0x0000000000004dee       0x41 /opt/microchip/xc32/v4.50/bin/bin/../../lib/gcc/pic32mx/8.3.1/../../../../pic32mx/lib/libpic32.a(default-general-exception-handler.o)
 .debug_info    0x0000000000004e2f       0x40 /opt/microchip/xc32/v4.50/bin/bin/../../lib/gcc/pic32mx/8.3.1/../../../../pic32mx/lib/libpic32.a(defaultinterrupt.o)
 .debug_info    0x0000000000004e6f      0x1b9 /opt/microchip/xc32/v4.50/bin/bin/../../lib/gcc/pic32mx/8.3.1/../../../../pic32mx/lib/libc-musl.a(__sio_sprintf_deEfFgGn.o)
 .debug_info    0x0000000000005028      0x185 /opt/microchip/xc32/v4.50/bin/bin/../../lib/gcc/pic32mx/8.3.1/../../../../pic32mx/lib/libc-musl.a(__sio_sscanf_deEfFgGn.o)
 .debug_info    0x00000000000051ad      0x327 /opt/microchip/xc32/v4.50/bin/bin/../../lib/gcc/pic32mx/8.3.1/../../../../pic32mx/lib/libc-musl.a(__fmt_d.o)
 .debug_info    0x00000000000054d4      0x613 /opt/microchip/xc32/v4.50/bin/bin/../../lib/gcc/pic32mx/8.3.1/../../../../pic32mx/lib/libc-musl.a(__fmt_fp.o)
 .debug_info    0x0000000000005ae7      0x134 /opt/microchip/xc32/v4.50/bin/bin/../../lib/gcc/pic32mx/8.3.1/../../../../pic32mx/lib/libc-musl.a(__pop_float.o)
 .debug_info    0x0000000000005c1b      0x14e /opt/microchip/xc32/v4.50/bin/bin/../../lib/gcc/pic32mx/8.3.1/../../../../pic32mx/lib/libc-musl.a(__pop_int.o)
 .debug_info    0x0000000000005d69      0x15e /opt/microchip/xc32/v4.50/bin/bin/../../lib/gcc/pic32mx/8.3.1/../../../../pic32mx/lib/libc-musl.a(__pop_ptr.o)
 .debug_info    0x0000000000005ec7      0xa27 /opt/microchip/xc32/v4.50/bin/bin/../../lib/gcc/pic32mx/8.3.1/../../../../pic32mx/lib/libc-musl.a(__printf_core.o)
 .debug_info    0x00000000000068ee      0x4dd /opt/microchip/xc32/v4.50/bin/bin/../../lib/gcc/pic32mx/8.3.1/../../../../pic32mx/lib/libc-musl.a(__scan_d.o)
 .debug_info    0x0000000000006dcb      0x70d /opt/microchip/xc32/v4.50/bin/bin/../../lib/gcc/pic32mx/8.3.1/../../../../pic32mx/lib/libc-musl.a(__scan_fp.o)
 .debug_info    0x00000000000074d8      0x5f9 /opt/microchip/xc32/v4.50/bin/bin/../../lib/gcc/pic32mx/8.3.1/../../../../pic32mx/lib/libc-musl.a(__scan_i.o)
 .debug_info    0x0000000000007ad1      0xb69 /opt/microchip/xc32/v4.50/bin/bin/../../lib/gcc/pic32mx/8.3.1/../../../../pic32mx/lib/libc-musl.a(__scanf_core.o)
 .debug_info    0x000000000000863a       0xee /opt/microchip/xc32/v4.50/bin/bin/../../lib/gcc/pic32mx/8.3.1/../../../../pic32mx/lib/libc-musl.a(atoi.o)
 .debug_info    0x0000000000008728      0x53c /opt/microchip/xc32/v4.50/bin/bin/../../lib/gcc/pic32mx/8.3.1/../../../../pic32mx/lib/libc-musl.a(strtod.o)
 .debug_info    0x0000000000008c64      0x6ec /opt/microchip/xc32/v4.50/bin/bin/../../lib/gcc/pic32mx/8.3.1/../../../../pic32mx/lib/libc-musl.a(strtol.o)
 .debug_info    0x0000000000009350      0x128 /opt/microchip/xc32/v4.50/bin/bin/../../lib/gcc/pic32mx/8.3.1/../../../../pic32mx/lib/libc-musl.a(isxdigit.o)
 .debug_info    0x0000000000009478      0x11b /opt/microchip/xc32/v4.50/bin/bin/../../lib/gcc/pic32mx/8.3.1/../../../../pic32mx/lib/libc-musl.a(tolower.o)
 .debug_info    0x0000000000009593      0xd56 /opt/microchip/xc32/v4.50/bin/bin/../../lib/gcc/pic32mx/8.3.1/../../../../pic32mx/lib/libc-musl.a(floatscan.o)
 .debug_info    0x000000000000a2e9      0x58c /opt/microchip/xc32/v4.50/bin/bin/../../lib/gcc/pic32mx/8.3.1/../../../../pic32mx/lib/libc-musl.a(intscan.o)
 .debug_info    0x000000000000a875      0x391 /opt/microchip/xc32/v4.50/bin/bin/../../lib/gcc/pic32mx/8.3.1/../../../../pic32mx/lib/libc-musl.a(shgetc.o)
 .debug_info    0x000000000000ac06      0x127 /opt/microchip/xc32/v4.50/bin/bin/../../lib/gcc/pic32mx/8.3.1/../../../../pic32mx/lib/libc-musl.a(__int_vsprintf.o)
 .debug_info    0x000000000000ad2d      0x458 /opt/microchip/xc32/v4.50/bin/bin/../../lib/gcc/pic32mx/8.3.1/../../../../pic32mx/lib/libc-musl.a(__int_vsscanf.o)
 .debug_info    0x000000000000b185      0x3ec /opt/microchip/xc32/v4.50/bin/bin/../../lib/gcc/pic32mx/8.3.1/../../../../pic32mx/lib/libc-musl.a(__string_read.o)
 .debug_info    0x000000000000b571      0x373 /opt/microchip/xc32/v4.50/bin/bin/../../lib/gcc/pic32mx/8.3.1/../../../../pic32mx/lib/libc-musl.a(__uflow.o)
 .debug_info    0x000000000000b8e4      0x1d0 /opt/microchip/xc32/v4.50/bin/bin/../../lib/gcc/pic32mx/8.3.1/../../../../pic32mx/lib/libc-musl.a(__cvt_u.o)
 .debug_info    0x000000000000bab4       0xf4 /opt/microchip/xc32/v4.50/bin/bin/../../lib/gcc/pic32mx/8.3.1/../../../../pic32mx/lib/libc-musl.a(__io_rw_needed.o)
 .debug_info    0x000000000000bba8      0x146 /opt/microchip/xc32/v4.50/bin/bin/../../lib/gcc/pic32mx/8.3.1/../../../../pic32mx/lib/libc-musl.a(__push_float.o)
 .debug_info    0x000000000000bcee      0x166 /opt/microchip/xc32/v4.50/bin/bin/../../lib/gcc/pic32mx/8.3.1/../../../../pic32mx/lib/libc-musl.a(__push_int.o)
 .debug_info    0x000000000000be54      0x473 /opt/microchip/xc32/v4.50/bin/bin/../../lib/gcc/pic32mx/8.3.1/../../../../pic32mx/lib/libc-musl.a(__read_int.o)
 .debug_info    0x000000000000c2c7      0x323 /opt/microchip/xc32/v4.50/bin/bin/../../lib/gcc/pic32mx/8.3.1/../../../../pic32mx/lib/libc-musl.a(__towrite_rw.o)
 .debug_info    0x000000000000c5ea      0x3c6 /opt/microchip/xc32/v4.50/bin/bin/../../lib/gcc/pic32mx/8.3.1/../../../../pic32mx/lib/libc-musl.a(__int_vfscanf.o)
 .debug_info    0x000000000000c9b0      0x1f5 /opt/microchip/xc32/v4.50/bin/bin/../../lib/gcc/pic32mx/8.3.1/../../../../pic32mx/lib/libc-musl.a(__int_vsnprintf.o)
 .debug_info    0x000000000000cba5      0x373 /opt/microchip/xc32/v4.50/bin/bin/../../lib/gcc/pic32mx/8.3.1/../../../../pic32mx/lib/libc-musl.a(__toread.o)
 .debug_info    0x000000000000cf18      0x3d3 /opt/microchip/xc32/v4.50/bin/bin/../../lib/gcc/pic32mx/8.3.1/../../../../pic32mx/lib/libc-musl.a(__fopen_rw.o)
 .debug_info    0x000000000000d2eb      0x341 /opt/microchip/xc32/v4.50/bin/bin/../../lib/gcc/pic32mx/8.3.1/../../../../pic32mx/lib/libc-musl.a(__ftello_rw.o)
 .debug_info    0x000000000000d62c      0x139 /opt/microchip/xc32/v4.50/bin/bin/../../lib/gcc/pic32mx/8.3.1/../../../../pic32mx/lib/libc-musl.a(__io_buf_needed.o)
 .debug_info    0x000000000000d765       0xaf /opt/microchip/xc32/v4.50/bin/bin/../../lib/gcc/pic32mx/8.3.1/../../../../pic32mx/lib/libc-musl.a(__io_file_needed.o)
 .debug_info    0x000000000000d814      0x122 /opt/microchip/xc32/v4.50/bin/bin/../../lib/gcc/pic32mx/8.3.1/../../../../pic32mx/lib/libc-musl.a(__io_std_needed.o)
 .debug_info    0x000000000000d936      0x29f /opt/microchip/xc32/v4.50/bin/bin/../../lib/gcc/pic32mx/8.3.1/../../../../pic32mx/lib/libc-musl.a(__out.o)
 .debug_info    0x000000000000dbd5      0x284 /opt/microchip/xc32/v4.50/bin/bin/../../lib/gcc/pic32mx/8.3.1/../../../../pic32mx/lib/libc-musl.a(__putc.o)
 .debug_info    0x000000000000de59      0x398 /opt/microchip/xc32/v4.50/bin/bin/../../lib/gcc/pic32mx/8.3.1/../../../../pic32mx/lib/libc-musl.a(__stderr.o)
 .debug_info    0x000000000000e1f1      0x3f6 /opt/microchip/xc32/v4.50/bin/bin/../../lib/gcc/pic32mx/8.3.1/../../../../pic32mx/lib/libc-musl.a(__stdio_close.o)
 .debug_info    0x000000000000e5e7      0x2cc /opt/microchip/xc32/v4.50/bin/bin/../../lib/gcc/pic32mx/8.3.1/../../../../pic32mx/lib/libc-musl.a(__stdio_exit.o)
 .debug_info    0x000000000000e8b3      0x3e6 /opt/microchip/xc32/v4.50/bin/bin/../../lib/gcc/pic32mx/8.3.1/../../../../pic32mx/lib/libc-musl.a(__stdio_read.o)
 .debug_info    0x000000000000ec99      0x497 /opt/microchip/xc32/v4.50/bin/bin/../../lib/gcc/pic32mx/8.3.1/../../../../pic32mx/lib/libc-musl.a(__stdio_seek.o)
 .debug_info    0x000000000000f130      0x398 /opt/microchip/xc32/v4.50/bin/bin/../../lib/gcc/pic32mx/8.3.1/../../../../pic32mx/lib/libc-musl.a(__stdout.o)
 .debug_info    0x000000000000f4c8      0x217 /opt/microchip/xc32/v4.50/bin/bin/../../lib/gcc/pic32mx/8.3.1/../../../../pic32mx/lib/libc-musl.a(putc.o)
 .debug_info    0x000000000000f6df      0x144 /opt/microchip/xc32/v4.50/bin/bin/../../lib/gcc/pic32mx/8.3.1/../../../../pic32mx/lib/libc-musl.a(readv.o)
 .debug_info    0x000000000000f823      0x1e0 /opt/microchip/xc32/v4.50/bin/bin/../../lib/gcc/pic32mx/8.3.1/../../../../pic32mx/lib/libc-musl.a(__int_vfprintf.o)
 .debug_info    0x000000000000fa03      0x37f /opt/microchip/xc32/v4.50/bin/bin/../../lib/gcc/pic32mx/8.3.1/../../../../pic32mx/lib/libc-musl.a(__overflow.o)
 .debug_info    0x000000000000fd82      0x1b1 /opt/microchip/xc32/v4.50/bin/bin/../../lib/gcc/pic32mx/8.3.1/../../../../pic32mx/lib/libc-musl.a(__fclose.o)
 .debug_info    0x000000000000ff33      0x2d0 /opt/microchip/xc32/v4.50/bin/bin/../../lib/gcc/pic32mx/8.3.1/../../../../pic32mx/lib/libc-musl.a(__fopen.o)
 .debug_info    0x0000000000010203      0x261 /opt/microchip/xc32/v4.50/bin/bin/../../lib/gcc/pic32mx/8.3.1/../../../../pic32mx/lib/libc-musl.a(__fseeko.o)
 .debug_info    0x0000000000010464      0x283 /opt/microchip/xc32/v4.50/bin/bin/../../lib/gcc/pic32mx/8.3.1/../../../../pic32mx/lib/libc-musl.a(__ftello.o)
 .debug_info    0x00000000000106e7      0x2ac /opt/microchip/xc32/v4.50/bin/bin/../../lib/gcc/pic32mx/8.3.1/../../../../pic32mx/lib/libc-musl.a(__fwrite.o)
 .debug_info    0x0000000000010993       0xdf /opt/microchip/xc32/v4.50/bin/bin/../../lib/gcc/pic32mx/8.3.1/../../../../pic32mx/lib/libc-musl.a(__io_init_needed.o)
 .debug_info    0x0000000000010a72      0x265 /opt/microchip/xc32/v4.50/bin/bin/../../lib/gcc/pic32mx/8.3.1/../../../../pic32mx/lib/libc-musl.a(__towrite.o)
 .debug_info    0x0000000000010cd7       0xb9 /opt/microchip/xc32/v4.50/bin/bin/../../lib/gcc/pic32mx/8.3.1/../../../../pic32mx/lib/libc-musl.a(__init_stdio.o)
 .debug_info    0x0000000000010d90      0x1ac /opt/microchip/xc32/v4.50/bin/bin/../../lib/gcc/pic32mx/8.3.1/../../../../pic32mx/lib/libm.a(support.o)
 .debug_info    0x0000000000010f3c       0xcd /opt/microchip/xc32/v4.50/bin/bin/../../lib/gcc/pic32mx/8.3.1/../../../../pic32mx/lib/libm-musl.a(fabsl.o)
 .debug_info    0x0000000000011009      0x528 /opt/microchip/xc32/v4.50/bin/bin/../../lib/gcc/pic32mx/8.3.1/../../../../pic32mx/lib/libm-musl.a(fma.o)
 .debug_info    0x0000000000011531      0x109 /opt/microchip/xc32/v4.50/bin/bin/../../lib/gcc/pic32mx/8.3.1/../../../../pic32mx/lib/libm-musl.a(scalbn.o)
 .debug_info    0x000000000001163a       0xe7 /opt/microchip/xc32/v4.50/bin/bin/../../lib/gcc/pic32mx/8.3.1/../../../../pic32mx/lib/libm-musl.a(scalbnl.o)
 .debug_info    0x0000000000011721       0xd0 /opt/microchip/xc32/v4.50/bin/bin/../../lib/gcc/pic32mx/8.3.1/../../../../pic32mx/lib/libm-musl.a(fabs.o)
 .debug_info    0x00000000000117f1       0x40 /opt/microchip/xc32/v4.50/bin/bin/../../lib/gcc/pic32mx/8.3.1/../../../../pic32mx/lib/libpic32.a(read.o)
 .debug_info    0x0000000000011831       0x40 /opt/microchip/xc32/v4.50/bin/bin/../../lib/gcc/pic32mx/8.3.1/../../../../pic32mx/lib/libpic32.a(write.o)
 .debug_info    0x0000000000011871       0x3f /opt/microchip/xc32/v4.50/bin/bin/../../lib/gcc/pic32mx/8.3.1/../../../../pic32mx/lib/libpic32.a(lseek.o)
 .debug_info    0x00000000000118b0       0x3f /opt/microchip/xc32/v4.50/bin/bin/../../lib/gcc/pic32mx/8.3.1/../../../../pic32mx/lib/libpic32.a(close.o)
 .debug_info    0x00000000000118ef       0x40 /opt/microchip/xc32/v4.50/bin/bin/../../lib/gcc/pic32mx/8.3.1/../../../../pic32mx/lib/libpic32.a(_mon_putc.o)
 .debug_info    0x000000000001192f       0xe4 /opt/microchip/xc32/v4.50/bin/bin/../../lib/gcc/pic32mx/8.3.1/../../../../pic32mx/lib/libc-size-musl.a(memchr.o)
 .debug_info    0x0000000000011a13       0xf7 /opt/microchip/xc32/v4.50/bin/bin/../../lib/gcc/pic32mx/8.3.1/../../../../pic32mx/lib/libc-size-musl.a(memcpy.o)
 .debug_info    0x0000000000011b0a       0xc0 /opt/microchip/xc32/v4.50/bin/bin/../../lib/gcc/pic32mx/8.3.1/../../../../pic32mx/lib/libc-size-musl.a(memset.o)
 .debug_info    0x0000000000011bca       0xa3 /opt/microchip/xc32/v4.50/bin/bin/../../lib/gcc/pic32mx/8.3.1/../../../../pic32mx/lib/libc-size-musl.a(strlen.o)
 .debug_info    0x0000000000011c6d       0xbb /opt/microchip/xc32/v4.50/bin/bin/../../lib/gcc/pic32mx/8.3.1/../../../../pic32mx/lib/libc-size-musl.a(strcpy.o)
 .debug_info    0x0000000000011d28       0xab /opt/microchip/xc32/v4.50/bin/bin/../../lib/gcc/pic32mx/8.3.1/../../../../pic32mx/lib/libc-size-musl.a(stpcpy.o)
 .debug_info    0x0000000000011dd3      0x1b4 /opt/microchip/xc32/v4.50/bin/bin/../../lib/gcc/pic32mx/8.3.1/../../../../pic32mx/lib/liblmalloc-musl.a(lite_malloc.o)
 .debug_info    0x0000000000011f87      0x259 /opt/microchip/xc32/v4.50/bin/bin/../../lib/gcc/pic32mx/8.3.1/../../../../pic32mx/lib/liblmalloc-musl.a(lite_free.o)
 .debug_info    0x00000000000121e0      0x105 /opt/microchip/xc32/v4.50/bin/bin/../../lib/gcc/pic32mx/8.3.1/../../../../pic32mx/lib/libc-musl.a(expand_heap.o)
 .debug_info    0x00000000000122e5       0x77 /opt/microchip/xc32/v4.50/bin/bin/../../lib/gcc/pic32mx/8.3.1/../../../../pic32mx/lib/libe.a(_floatdidf.o)
 .debug_info    0x000000000001235c       0x97 /opt/microchip/xc32/v4.50/bin/bin/../../lib/gcc/pic32mx/8.3.1/../../../../pic32mx/lib/libpic32.a(sbrk.o)
 .debug_info    0x00000000000123f3      0x1aa /opt/microchip/xc32/v4.50/bin/bin/../../lib/gcc/pic32mx/8.3.1/libgcc.a(_lshrdi3.o)
 .debug_info    0x000000000001259d      0x1aa /opt/microchip/xc32/v4.50/bin/bin/../../lib/gcc/pic32mx/8.3.1/libgcc.a(_ashldi3.o)
 .debug_info    0x0000000000012747      0x71c /opt/microchip/xc32/v4.50/bin/bin/../../lib/gcc/pic32mx/8.3.1/libgcc.a(_divdi3.o)
 .debug_info    0x0000000000012e63      0x775 /opt/microchip/xc32/v4.50/bin/bin/../../lib/gcc/pic32mx/8.3.1/libgcc.a(_moddi3.o)
 .debug_info    0x00000000000135d8      0x6ca /opt/microchip/xc32/v4.50/bin/bin/../../lib/gcc/pic32mx/8.3.1/libgcc.a(_udivdi3.o)
 .debug_info    0x0000000000013ca2      0x73e /opt/microchip/xc32/v4.50/bin/bin/../../lib/gcc/pic32mx/8.3.1/libgcc.a(_umoddi3.o)

.debug_abbrev   0x0000000000000000     0x6f0f
 *(.debug_abbrev)
 .debug_abbrev  0x0000000000000000      0x360 currentControl.o
 .debug_abbrev  0x0000000000000360      0x1b0 encoder.o
 .debug_abbrev  0x0000000000000510      0x161 i2c_master_noint.o
 .debug_abbrev  0x0000000000000671      0x13e ina219.o
 .debug_abbrev  0x00000000000007af       0xc6 isense.o
 .debug_abbrev  0x0000000000000875      0x151 main.o
 .debug_abbrev  0x00000000000009c6      0x14c nu32dip.o
 .debug_abbrev  0x0000000000000b12      0x25d positionControl.o
 .debug_abbrev  0x0000000000000d6f       0xa5 utilities.o
 .debug_abbrev  0x0000000000000e14       0x7d /opt/microchip/xc32/v4.50/bin/bin/../../lib/gcc/pic32mx/8.3.1/libgcc.a(floatunsisf.o)
 .debug_abbrev  0x0000000000000e91       0x7d /opt/microchip/xc32/v4.50/bin/bin/../../lib/gcc/pic32mx/8.3.1/libgcc.a(floatunsidf.o)
 .debug_abbrev  0x0000000000000f0e       0x31 /opt/microchip/xc32/v4.50/bin/bin/../../lib/gcc/pic32mx/8.3.1/../../../../pic32mx/lib/libpic32.a(default-bootstrap-exception-handler.o)
 .debug_abbrev  0x0000000000000f3f       0x2e /opt/microchip/xc32/v4.50/bin/bin/../../lib/gcc/pic32mx/8.3.1/../../../../pic32mx/lib/libpic32.a(default-on-reset.o)
 .debug_abbrev  0x0000000000000f6d       0x2e /opt/microchip/xc32/v4.50/bin/bin/../../lib/gcc/pic32mx/8.3.1/../../../../pic32mx/lib/libpic32.a(default-on-bootstrap.o)
 .debug_abbrev  0x0000000000000f9b       0x31 /opt/microchip/xc32/v4.50/bin/bin/../../lib/gcc/pic32mx/8.3.1/../../../../pic32mx/lib/libpic32.a(default-general-exception-handler.o)
 .debug_abbrev  0x0000000000000fcc       0x31 /opt/microchip/xc32/v4.50/bin/bin/../../lib/gcc/pic32mx/8.3.1/../../../../pic32mx/lib/libpic32.a(defaultinterrupt.o)
 .debug_abbrev  0x0000000000000ffd      0x100 /opt/microchip/xc32/v4.50/bin/bin/../../lib/gcc/pic32mx/8.3.1/../../../../pic32mx/lib/libc-musl.a(__sio_sprintf_deEfFgGn.o)
 .debug_abbrev  0x00000000000010fd      0x100 /opt/microchip/xc32/v4.50/bin/bin/../../lib/gcc/pic32mx/8.3.1/../../../../pic32mx/lib/libc-musl.a(__sio_sscanf_deEfFgGn.o)
 .debug_abbrev  0x00000000000011fd      0x161 /opt/microchip/xc32/v4.50/bin/bin/../../lib/gcc/pic32mx/8.3.1/../../../../pic32mx/lib/libc-musl.a(__fmt_d.o)
 .debug_abbrev  0x000000000000135e      0x1d8 /opt/microchip/xc32/v4.50/bin/bin/../../lib/gcc/pic32mx/8.3.1/../../../../pic32mx/lib/libc-musl.a(__fmt_fp.o)
 .debug_abbrev  0x0000000000001536       0xc3 /opt/microchip/xc32/v4.50/bin/bin/../../lib/gcc/pic32mx/8.3.1/../../../../pic32mx/lib/libc-musl.a(__pop_float.o)
 .debug_abbrev  0x00000000000015f9       0xc3 /opt/microchip/xc32/v4.50/bin/bin/../../lib/gcc/pic32mx/8.3.1/../../../../pic32mx/lib/libc-musl.a(__pop_int.o)
 .debug_abbrev  0x00000000000016bc       0xd7 /opt/microchip/xc32/v4.50/bin/bin/../../lib/gcc/pic32mx/8.3.1/../../../../pic32mx/lib/libc-musl.a(__pop_ptr.o)
 .debug_abbrev  0x0000000000001793      0x318 /opt/microchip/xc32/v4.50/bin/bin/../../lib/gcc/pic32mx/8.3.1/../../../../pic32mx/lib/libc-musl.a(__printf_core.o)
 .debug_abbrev  0x0000000000001aab      0x1c1 /opt/microchip/xc32/v4.50/bin/bin/../../lib/gcc/pic32mx/8.3.1/../../../../pic32mx/lib/libc-musl.a(__scan_d.o)
 .debug_abbrev  0x0000000000001c6c      0x22c /opt/microchip/xc32/v4.50/bin/bin/../../lib/gcc/pic32mx/8.3.1/../../../../pic32mx/lib/libc-musl.a(__scan_fp.o)
 .debug_abbrev  0x0000000000001e98      0x1e8 /opt/microchip/xc32/v4.50/bin/bin/../../lib/gcc/pic32mx/8.3.1/../../../../pic32mx/lib/libc-musl.a(__scan_i.o)
 .debug_abbrev  0x0000000000002080      0x2f8 /opt/microchip/xc32/v4.50/bin/bin/../../lib/gcc/pic32mx/8.3.1/../../../../pic32mx/lib/libc-musl.a(__scanf_core.o)
 .debug_abbrev  0x0000000000002378       0xc4 /opt/microchip/xc32/v4.50/bin/bin/../../lib/gcc/pic32mx/8.3.1/../../../../pic32mx/lib/libc-musl.a(atoi.o)
 .debug_abbrev  0x000000000000243c      0x1b7 /opt/microchip/xc32/v4.50/bin/bin/../../lib/gcc/pic32mx/8.3.1/../../../../pic32mx/lib/libc-musl.a(strtod.o)
 .debug_abbrev  0x00000000000025f3      0x192 /opt/microchip/xc32/v4.50/bin/bin/../../lib/gcc/pic32mx/8.3.1/../../../../pic32mx/lib/libc-musl.a(strtol.o)
 .debug_abbrev  0x0000000000002785      0x105 /opt/microchip/xc32/v4.50/bin/bin/../../lib/gcc/pic32mx/8.3.1/../../../../pic32mx/lib/libc-musl.a(isxdigit.o)
 .debug_abbrev  0x000000000000288a       0xf1 /opt/microchip/xc32/v4.50/bin/bin/../../lib/gcc/pic32mx/8.3.1/../../../../pic32mx/lib/libc-musl.a(tolower.o)
 .debug_abbrev  0x000000000000297b      0x335 /opt/microchip/xc32/v4.50/bin/bin/../../lib/gcc/pic32mx/8.3.1/../../../../pic32mx/lib/libc-musl.a(floatscan.o)
 .debug_abbrev  0x0000000000002cb0      0x1f8 /opt/microchip/xc32/v4.50/bin/bin/../../lib/gcc/pic32mx/8.3.1/../../../../pic32mx/lib/libc-musl.a(intscan.o)
 .debug_abbrev  0x0000000000002ea8      0x166 /opt/microchip/xc32/v4.50/bin/bin/../../lib/gcc/pic32mx/8.3.1/../../../../pic32mx/lib/libc-musl.a(shgetc.o)
 .debug_abbrev  0x000000000000300e       0xb1 /opt/microchip/xc32/v4.50/bin/bin/../../lib/gcc/pic32mx/8.3.1/../../../../pic32mx/lib/libc-musl.a(__int_vsprintf.o)
 .debug_abbrev  0x00000000000030bf      0x17a /opt/microchip/xc32/v4.50/bin/bin/../../lib/gcc/pic32mx/8.3.1/../../../../pic32mx/lib/libc-musl.a(__int_vsscanf.o)
 .debug_abbrev  0x0000000000003239      0x146 /opt/microchip/xc32/v4.50/bin/bin/../../lib/gcc/pic32mx/8.3.1/../../../../pic32mx/lib/libc-musl.a(__string_read.o)
 .debug_abbrev  0x000000000000337f      0x141 /opt/microchip/xc32/v4.50/bin/bin/../../lib/gcc/pic32mx/8.3.1/../../../../pic32mx/lib/libc-musl.a(__uflow.o)
 .debug_abbrev  0x00000000000034c0       0xe5 /opt/microchip/xc32/v4.50/bin/bin/../../lib/gcc/pic32mx/8.3.1/../../../../pic32mx/lib/libc-musl.a(__cvt_u.o)
 .debug_abbrev  0x00000000000035a5       0x67 /opt/microchip/xc32/v4.50/bin/bin/../../lib/gcc/pic32mx/8.3.1/../../../../pic32mx/lib/libc-musl.a(__io_rw_needed.o)
 .debug_abbrev  0x000000000000360c       0xc9 /opt/microchip/xc32/v4.50/bin/bin/../../lib/gcc/pic32mx/8.3.1/../../../../pic32mx/lib/libc-musl.a(__push_float.o)
 .debug_abbrev  0x00000000000036d5       0xeb /opt/microchip/xc32/v4.50/bin/bin/../../lib/gcc/pic32mx/8.3.1/../../../../pic32mx/lib/libc-musl.a(__push_int.o)
 .debug_abbrev  0x00000000000037c0      0x17f /opt/microchip/xc32/v4.50/bin/bin/../../lib/gcc/pic32mx/8.3.1/../../../../pic32mx/lib/libc-musl.a(__read_int.o)
 .debug_abbrev  0x000000000000393f       0xf5 /opt/microchip/xc32/v4.50/bin/bin/../../lib/gcc/pic32mx/8.3.1/../../../../pic32mx/lib/libc-musl.a(__towrite_rw.o)
 .debug_abbrev  0x0000000000003a34      0x153 /opt/microchip/xc32/v4.50/bin/bin/../../lib/gcc/pic32mx/8.3.1/../../../../pic32mx/lib/libc-musl.a(__int_vfscanf.o)
 .debug_abbrev  0x0000000000003b87      0x13a /opt/microchip/xc32/v4.50/bin/bin/../../lib/gcc/pic32mx/8.3.1/../../../../pic32mx/lib/libc-musl.a(__int_vsnprintf.o)
 .debug_abbrev  0x0000000000003cc1      0x148 /opt/microchip/xc32/v4.50/bin/bin/../../lib/gcc/pic32mx/8.3.1/../../../../pic32mx/lib/libc-musl.a(__toread.o)
 .debug_abbrev  0x0000000000003e09      0x12c /opt/microchip/xc32/v4.50/bin/bin/../../lib/gcc/pic32mx/8.3.1/../../../../pic32mx/lib/libc-musl.a(__fopen_rw.o)
 .debug_abbrev  0x0000000000003f35      0x10b /opt/microchip/xc32/v4.50/bin/bin/../../lib/gcc/pic32mx/8.3.1/../../../../pic32mx/lib/libc-musl.a(__ftello_rw.o)
 .debug_abbrev  0x0000000000004040       0x67 /opt/microchip/xc32/v4.50/bin/bin/../../lib/gcc/pic32mx/8.3.1/../../../../pic32mx/lib/libc-musl.a(__io_buf_needed.o)
 .debug_abbrev  0x00000000000040a7       0x67 /opt/microchip/xc32/v4.50/bin/bin/../../lib/gcc/pic32mx/8.3.1/../../../../pic32mx/lib/libc-musl.a(__io_file_needed.o)
 .debug_abbrev  0x000000000000410e       0x67 /opt/microchip/xc32/v4.50/bin/bin/../../lib/gcc/pic32mx/8.3.1/../../../../pic32mx/lib/libc-musl.a(__io_std_needed.o)
 .debug_abbrev  0x0000000000004175      0x17a /opt/microchip/xc32/v4.50/bin/bin/../../lib/gcc/pic32mx/8.3.1/../../../../pic32mx/lib/libc-musl.a(__out.o)
 .debug_abbrev  0x00000000000042ef      0x109 /opt/microchip/xc32/v4.50/bin/bin/../../lib/gcc/pic32mx/8.3.1/../../../../pic32mx/lib/libc-musl.a(__putc.o)
 .debug_abbrev  0x00000000000043f8      0x16a /opt/microchip/xc32/v4.50/bin/bin/../../lib/gcc/pic32mx/8.3.1/../../../../pic32mx/lib/libc-musl.a(__stderr.o)
 .debug_abbrev  0x0000000000004562      0x15a /opt/microchip/xc32/v4.50/bin/bin/../../lib/gcc/pic32mx/8.3.1/../../../../pic32mx/lib/libc-musl.a(__stdio_close.o)
 .debug_abbrev  0x00000000000046bc      0x170 /opt/microchip/xc32/v4.50/bin/bin/../../lib/gcc/pic32mx/8.3.1/../../../../pic32mx/lib/libc-musl.a(__stdio_exit.o)
 .debug_abbrev  0x000000000000482c      0x16c /opt/microchip/xc32/v4.50/bin/bin/../../lib/gcc/pic32mx/8.3.1/../../../../pic32mx/lib/libc-musl.a(__stdio_read.o)
 .debug_abbrev  0x0000000000004998      0x14f /opt/microchip/xc32/v4.50/bin/bin/../../lib/gcc/pic32mx/8.3.1/../../../../pic32mx/lib/libc-musl.a(__stdio_seek.o)
 .debug_abbrev  0x0000000000004ae7      0x16a /opt/microchip/xc32/v4.50/bin/bin/../../lib/gcc/pic32mx/8.3.1/../../../../pic32mx/lib/libc-musl.a(__stdout.o)
 .debug_abbrev  0x0000000000004c51      0x122 /opt/microchip/xc32/v4.50/bin/bin/../../lib/gcc/pic32mx/8.3.1/../../../../pic32mx/lib/libc-musl.a(putc.o)
 .debug_abbrev  0x0000000000004d73       0xf7 /opt/microchip/xc32/v4.50/bin/bin/../../lib/gcc/pic32mx/8.3.1/../../../../pic32mx/lib/libc-musl.a(readv.o)
 .debug_abbrev  0x0000000000004e6a      0x118 /opt/microchip/xc32/v4.50/bin/bin/../../lib/gcc/pic32mx/8.3.1/../../../../pic32mx/lib/libc-musl.a(__int_vfprintf.o)
 .debug_abbrev  0x0000000000004f82      0x141 /opt/microchip/xc32/v4.50/bin/bin/../../lib/gcc/pic32mx/8.3.1/../../../../pic32mx/lib/libc-musl.a(__overflow.o)
 .debug_abbrev  0x00000000000050c3       0xdd /opt/microchip/xc32/v4.50/bin/bin/../../lib/gcc/pic32mx/8.3.1/../../../../pic32mx/lib/libc-musl.a(__fclose.o)
 .debug_abbrev  0x00000000000051a0      0x168 /opt/microchip/xc32/v4.50/bin/bin/../../lib/gcc/pic32mx/8.3.1/../../../../pic32mx/lib/libc-musl.a(__fopen.o)
 .debug_abbrev  0x0000000000005308       0xf8 /opt/microchip/xc32/v4.50/bin/bin/../../lib/gcc/pic32mx/8.3.1/../../../../pic32mx/lib/libc-musl.a(__fseeko.o)
 .debug_abbrev  0x0000000000005400      0x111 /opt/microchip/xc32/v4.50/bin/bin/../../lib/gcc/pic32mx/8.3.1/../../../../pic32mx/lib/libc-musl.a(__ftello.o)
 .debug_abbrev  0x0000000000005511      0x121 /opt/microchip/xc32/v4.50/bin/bin/../../lib/gcc/pic32mx/8.3.1/../../../../pic32mx/lib/libc-musl.a(__fwrite.o)
 .debug_abbrev  0x0000000000005632       0x81 /opt/microchip/xc32/v4.50/bin/bin/../../lib/gcc/pic32mx/8.3.1/../../../../pic32mx/lib/libc-musl.a(__io_init_needed.o)
 .debug_abbrev  0x00000000000056b3      0x125 /opt/microchip/xc32/v4.50/bin/bin/../../lib/gcc/pic32mx/8.3.1/../../../../pic32mx/lib/libc-musl.a(__towrite.o)
 .debug_abbrev  0x00000000000057d8       0x65 /opt/microchip/xc32/v4.50/bin/bin/../../lib/gcc/pic32mx/8.3.1/../../../../pic32mx/lib/libc-musl.a(__init_stdio.o)
 .debug_abbrev  0x000000000000583d       0xe9 /opt/microchip/xc32/v4.50/bin/bin/../../lib/gcc/pic32mx/8.3.1/../../../../pic32mx/lib/libm.a(support.o)
 .debug_abbrev  0x0000000000005926       0x89 /opt/microchip/xc32/v4.50/bin/bin/../../lib/gcc/pic32mx/8.3.1/../../../../pic32mx/lib/libm-musl.a(fabsl.o)
 .debug_abbrev  0x00000000000059af      0x249 /opt/microchip/xc32/v4.50/bin/bin/../../lib/gcc/pic32mx/8.3.1/../../../../pic32mx/lib/libm-musl.a(fma.o)
 .debug_abbrev  0x0000000000005bf8       0xac /opt/microchip/xc32/v4.50/bin/bin/../../lib/gcc/pic32mx/8.3.1/../../../../pic32mx/lib/libm-musl.a(scalbn.o)
 .debug_abbrev  0x0000000000005ca4       0x89 /opt/microchip/xc32/v4.50/bin/bin/../../lib/gcc/pic32mx/8.3.1/../../../../pic32mx/lib/libm-musl.a(scalbnl.o)
 .debug_abbrev  0x0000000000005d2d       0x95 /opt/microchip/xc32/v4.50/bin/bin/../../lib/gcc/pic32mx/8.3.1/../../../../pic32mx/lib/libm-musl.a(fabs.o)
 .debug_abbrev  0x0000000000005dc2       0x2e /opt/microchip/xc32/v4.50/bin/bin/../../lib/gcc/pic32mx/8.3.1/../../../../pic32mx/lib/libpic32.a(read.o)
 .debug_abbrev  0x0000000000005df0       0x2e /opt/microchip/xc32/v4.50/bin/bin/../../lib/gcc/pic32mx/8.3.1/../../../../pic32mx/lib/libpic32.a(write.o)
 .debug_abbrev  0x0000000000005e1e       0x2e /opt/microchip/xc32/v4.50/bin/bin/../../lib/gcc/pic32mx/8.3.1/../../../../pic32mx/lib/libpic32.a(lseek.o)